Archive member included to satisfy reference by file (symbol)

C:/tools/arm-gnu-toolchain-13.2.rel1-mingw-w64-i686-arm-none-eabi/bin/../lib/gcc/arm-none-eabi/13.2.1/thumb/v7e-m+fp/hard\libc_nano.a(libc_a-atoi.o)
                              build/uart_at.o (atoi)
C:/tools/arm-gnu-toolchain-13.2.rel1-mingw-w64-i686-arm-none-eabi/bin/../lib/gcc/arm-none-eabi/13.2.1/thumb/v7e-m+fp/hard\libc_nano.a(libc_a-exit.o)
                              C:/tools/arm-gnu-toolchain-13.2.rel1-mingw-w64-i686-arm-none-eabi/bin/../lib/gcc/arm-none-eabi/13.2.1/thumb/v7e-m+fp/hard/crt0.o (exit)
C:/tools/arm-gnu-toolchain-13.2.rel1-mingw-w64-i686-arm-none-eabi/bin/../lib/gcc/arm-none-eabi/13.2.1/thumb/v7e-m+fp/hard\libc_nano.a(libc_a-strtol.o)
                              C:/tools/arm-gnu-toolchain-13.2.rel1-mingw-w64-i686-arm-none-eabi/bin/../lib/gcc/arm-none-eabi/13.2.1/thumb/v7e-m+fp/hard\libc_nano.a(libc_a-atoi.o) (_strtol_r)
C:/tools/arm-gnu-toolchain-13.2.rel1-mingw-w64-i686-arm-none-eabi/bin/../lib/gcc/arm-none-eabi/13.2.1/thumb/v7e-m+fp/hard\libc_nano.a(libc_a-ctype_.o)
                              C:/tools/arm-gnu-toolchain-13.2.rel1-mingw-w64-i686-arm-none-eabi/bin/../lib/gcc/arm-none-eabi/13.2.1/thumb/v7e-m+fp/hard\libc_nano.a(libc_a-strtol.o) (_ctype_)
C:/tools/arm-gnu-toolchain-13.2.rel1-mingw-w64-i686-arm-none-eabi/bin/../lib/gcc/arm-none-eabi/13.2.1/thumb/v7e-m+fp/hard\libc_nano.a(libc_a-findfp.o)
                              C:/tools/arm-gnu-toolchain-13.2.rel1-mingw-w64-i686-arm-none-eabi/bin/../lib/gcc/arm-none-eabi/13.2.1/thumb/v7e-m+fp/hard\libc_nano.a(libc_a-exit.o) (__stdio_exit_handler)
C:/tools/arm-gnu-toolchain-13.2.rel1-mingw-w64-i686-arm-none-eabi/bin/../lib/gcc/arm-none-eabi/13.2.1/thumb/v7e-m+fp/hard\libc_nano.a(libc_a-fwalk.o)
                              C:/tools/arm-gnu-toolchain-13.2.rel1-mingw-w64-i686-arm-none-eabi/bin/../lib/gcc/arm-none-eabi/13.2.1/thumb/v7e-m+fp/hard\libc_nano.a(libc_a-findfp.o) (_fwalk_sglue)
C:/tools/arm-gnu-toolchain-13.2.rel1-mingw-w64-i686-arm-none-eabi/bin/../lib/gcc/arm-none-eabi/13.2.1/thumb/v7e-m+fp/hard\libc_nano.a(libc_a-snprintf.o)
                              build/radioenge_modem.o (snprintf)
C:/tools/arm-gnu-toolchain-13.2.rel1-mingw-w64-i686-arm-none-eabi/bin/../lib/gcc/arm-none-eabi/13.2.1/thumb/v7e-m+fp/hard\libc_nano.a(libc_a-sprintf.o)
                              build/radioenge_modem.o (sprintf)
C:/tools/arm-gnu-toolchain-13.2.rel1-mingw-w64-i686-arm-none-eabi/bin/../lib/gcc/arm-none-eabi/13.2.1/thumb/v7e-m+fp/hard\libc_nano.a(libc_a-stdio.o)
                              C:/tools/arm-gnu-toolchain-13.2.rel1-mingw-w64-i686-arm-none-eabi/bin/../lib/gcc/arm-none-eabi/13.2.1/thumb/v7e-m+fp/hard\libc_nano.a(libc_a-findfp.o) (__sread)
C:/tools/arm-gnu-toolchain-13.2.rel1-mingw-w64-i686-arm-none-eabi/bin/../lib/gcc/arm-none-eabi/13.2.1/thumb/v7e-m+fp/hard\libc_nano.a(libc_a-memset.o)
                              C:/tools/arm-gnu-toolchain-13.2.rel1-mingw-w64-i686-arm-none-eabi/bin/../lib/gcc/arm-none-eabi/13.2.1/thumb/v7e-m+fp/hard/crt0.o (memset)
C:/tools/arm-gnu-toolchain-13.2.rel1-mingw-w64-i686-arm-none-eabi/bin/../lib/gcc/arm-none-eabi/13.2.1/thumb/v7e-m+fp/hard\libc_nano.a(libc_a-strncmp.o)
                              build/uart_at.o (strncmp)
C:/tools/arm-gnu-toolchain-13.2.rel1-mingw-w64-i686-arm-none-eabi/bin/../lib/gcc/arm-none-eabi/13.2.1/thumb/v7e-m+fp/hard\libc_nano.a(libc_a-strtok.o)
                              build/uart_at.o (strtok)
C:/tools/arm-gnu-toolchain-13.2.rel1-mingw-w64-i686-arm-none-eabi/bin/../lib/gcc/arm-none-eabi/13.2.1/thumb/v7e-m+fp/hard\libc_nano.a(libc_a-strtok_r.o)
                              C:/tools/arm-gnu-toolchain-13.2.rel1-mingw-w64-i686-arm-none-eabi/bin/../lib/gcc/arm-none-eabi/13.2.1/thumb/v7e-m+fp/hard\libc_nano.a(libc_a-strtok.o) (__strtok_r)
C:/tools/arm-gnu-toolchain-13.2.rel1-mingw-w64-i686-arm-none-eabi/bin/../lib/gcc/arm-none-eabi/13.2.1/thumb/v7e-m+fp/hard\libc_nano.a(libc_a-closer.o)
                              C:/tools/arm-gnu-toolchain-13.2.rel1-mingw-w64-i686-arm-none-eabi/bin/../lib/gcc/arm-none-eabi/13.2.1/thumb/v7e-m+fp/hard\libc_nano.a(libc_a-stdio.o) (_close_r)
C:/tools/arm-gnu-toolchain-13.2.rel1-mingw-w64-i686-arm-none-eabi/bin/../lib/gcc/arm-none-eabi/13.2.1/thumb/v7e-m+fp/hard\libc_nano.a(libc_a-reent.o)
                              C:/tools/arm-gnu-toolchain-13.2.rel1-mingw-w64-i686-arm-none-eabi/bin/../lib/gcc/arm-none-eabi/13.2.1/thumb/v7e-m+fp/hard\libc_nano.a(libc_a-closer.o) (errno)
C:/tools/arm-gnu-toolchain-13.2.rel1-mingw-w64-i686-arm-none-eabi/bin/../lib/gcc/arm-none-eabi/13.2.1/thumb/v7e-m+fp/hard\libc_nano.a(libc_a-impure.o)
                              C:/tools/arm-gnu-toolchain-13.2.rel1-mingw-w64-i686-arm-none-eabi/bin/../lib/gcc/arm-none-eabi/13.2.1/thumb/v7e-m+fp/hard\libc_nano.a(libc_a-strtol.o) (_impure_ptr)
C:/tools/arm-gnu-toolchain-13.2.rel1-mingw-w64-i686-arm-none-eabi/bin/../lib/gcc/arm-none-eabi/13.2.1/thumb/v7e-m+fp/hard\libc_nano.a(libc_a-lseekr.o)
[...]
Memory Configuration

Name             Origin             Length             Attributes
RAM              0x20000000         0x00020000         xrw
FLASH            0x08000000         0x00080000         xr
*default*        0x00000000         0xffffffff

Linker script and memory map

LOAD C:/tools/arm-gnu-toolchain-13.2.rel1-mingw-w64-i686-arm-none-eabi/bin/../lib/gcc/arm-none-eabi/13.2.1/thumb/v7e-m+fp/hard/crti.o
LOAD C:/tools/arm-gnu-toolchain-13.2.rel1-mingw-w64-i686-arm-none-eabi/bin/../lib/gcc/arm-none-eabi/13.2.1/thumb/v7e-m+fp/hard/crtbegin.o
LOAD C:/tools/arm-gnu-toolchain-13.2.rel1-mingw-w64-i686-arm-none-eabi/bin/../lib/gcc/arm-none-eabi/13.2.1/thumb/v7e-m+fp/hard/crt0.o
LOAD build/main.o
LOAD build/stm32f4xx_it.o
LOAD build/stm32f4xx_hal_msp.o
LOAD build/freertos.o
LOAD build/stm32f4xx_hal_timebase_tim.o
LOAD build/croutine.o
LOAD build/event_groups.o
LOAD build/list.o
LOAD build/queue.o
LOAD build/stream_buffer.o
LOAD build/tasks.o
LOAD build/timers.o
LOAD build/cmsis_os2.o
LOAD build/heap_4.o
LOAD build/port.o
LOAD build/usb_device.o
LOAD build/usbd_desc.o
LOAD build/usbd_cdc_if.o
LOAD build/usbd_conf.o
LOAD build/stm32f4xx_hal_pcd.o
LOAD build/stm32f4xx_hal_pcd_ex.o
LOAD build/stm32f4xx_ll_usb.o
LOAD build/stm32f4xx_hal_rcc.o
LOAD build/stm32f4xx_hal_rcc_ex.o
LOAD build/stm32f4xx_hal_flash.o
LOAD build/stm32f4xx_hal_flash_ex.o
LOAD build/stm32f4xx_hal_flash_ramfunc.o
LOAD build/stm32f4xx_hal_gpio.o
LOAD build/stm32f4xx_hal_dma_ex.o
LOAD build/stm32f4xx_hal_dma.o
LOAD build/stm32f4xx_hal_pwr.o
LOAD build/stm32f4xx_hal_pwr_ex.o
LOAD build/stm32f4xx_hal_cortex.o
LOAD build/stm32f4xx_hal.o
LOAD build/stm32f4xx_hal_exti.o
LOAD build/stm32f4xx_hal_tim.o
LOAD build/stm32f4xx_hal_tim_ex.o
LOAD build/stm32f4xx_hal_uart.o
LOAD build/system_stm32f4xx.o
LOAD build/usbd_core.o
LOAD build/usbd_ctlreq.o
LOAD build/usbd_ioreq.o
LOAD build/usbd_cdc.o
LOAD build/uart_at.o
LOAD build/uartRingBufDMA.o
LOAD build/radioenge_modem.o
LOAD build/application.o
LOAD build/stm32f4xx_hal_adc.o
LOAD build/stm32f4xx_hal_adc_ex.o
LOAD build/stm32f4xx_ll_adc.o
LOAD build/startup_stm32f411xe.o
LOAD C:/tools/arm-gnu-toolchain-13.2.rel1-mingw-w64-i686-arm-none-eabi/bin/../lib/gcc/arm-none-eabi/13.2.1/thumb/v7e-m+fp/hard\libc_nano.a
LOAD C:/tools/arm-gnu-toolchain-13.2.rel1-mingw-w64-i686-arm-none-eabi/bin/../lib/gcc/arm-none-eabi/13.2.1/thumb/v7e-m+fp/hard\libm.a
LOAD C:/tools/arm-gnu-toolchain-13.2.rel1-mingw-w64-i686-arm-none-eabi/bin/../lib/gcc/arm-none-eabi/13.2.1/thumb/v7e-m+fp/hard\libnosys.a
START GROUP
LOAD C:/tools/arm-gnu-toolchain-13.2.rel1-mingw-w64-i686-arm-none-eabi/bin/../lib/gcc/arm-none-eabi/13.2.1/thumb/v7e-m+fp/hard\libgcc.a
LOAD C:/tools/arm-gnu-toolchain-13.2.rel1-mingw-w64-i686-arm-none-eabi/bin/../lib/gcc/arm-none-eabi/13.2.1/thumb/v7e-m+fp/hard\libc_nano.a
END GROUP
START GROUP
LOAD C:/tools/arm-gnu-toolchain-13.2.rel1-mingw-w64-i686-arm-none-eabi/bin/../lib/gcc/arm-none-eabi/13.2.1/thumb/v7e-m+fp/hard\libgcc.a
LOAD C:/tools/arm-gnu-toolchain-13.2.rel1-mingw-w64-i686-arm-none-eabi/bin/../lib/gcc/arm-none-eabi/13.2.1/thumb/v7e-m+fp/hard\libc_nano.a
END GROUP
LOAD C:/tools/arm-gnu-toolchain-13.2.rel1-mingw-w64-i686-arm-none-eabi/bin/../lib/gcc/arm-none-eabi/13.2.1/thumb/v7e-m+fp/hard/crtend.o
LOAD C:/tools/arm-gnu-toolchain-13.2.rel1-mingw-w64-i686-arm-none-eabi/bin/../lib/gcc/arm-none-eabi/13.2.1/thumb/v7e-m+fp/hard/crtn.o
                0x20020000                        _estack = (ORIGIN (RAM) + LENGTH (RAM))
                0x00000200                        _Min_Heap_Size = 0x200
                0x00000400                        _Min_Stack_Size = 0x400

.isr_vector     0x08000000      0x198
                0x08000000                        . = ALIGN (0x4)
 *(.isr_vector)
 .isr_vector    0x08000000      0x198 build/startup_stm32f411xe.o
                0x08000000                g_pfnVectors
                0x08000198                        . = ALIGN (0x4)

.text           0x080001a0    0x12684
                0x080001a0                        . = ALIGN (0x4)
 *(.text)
 .text          0x080001a0       0x10 C:/tools/arm-gnu-toolchain-13.2.rel1-mingw-w64-i686-arm-none-eabi/bin/../lib/gcc/arm-none-eabi/13.2.1/thumb/v7e-m+fp/hard\libc_nano.a(libc_a-strlen.o)
                0x080001a0                strlen
 .text          0x080001b0       0xa0 C:/tools/arm-gnu-toolchain-13.2.rel1-mingw-w64-i686-arm-none-eabi/bin/../lib/gcc/arm-none-eabi/13.2.1/thumb/v7e-m+fp/hard\libc_nano.a(libc_a-memchr.o)
                0x080001b0                memchr
 .text          0x08000250       0x30 C:/tools/arm-gnu-toolchain-13.2.rel1-mingw-w64-i686-arm-none-eabi/bin/../lib/gcc/arm-none-eabi/13.2.1/thumb/v7e-m+fp/hard\libgcc.a(_aeabi_uldivmod.o)
                0x08000250                __aeabi_uldivmod
 .text          0x08000280        0x4 C:/tools/arm-gnu-toolchain-13.2.rel1-mingw-w64-i686-arm-none-eabi/bin/../lib/gcc/arm-none-eabi/13.2.1/thumb/v7e-m+fp/hard\libgcc.a(_dvmd_tls.o)
                0x08000280                __aeabi_idiv0
                0x08000280                __aeabi_ldiv0
 *(.text*)
 .text.deregister_tm_clones
                0x08000284       0x1c C:/tools/arm-gnu-toolchain-13.2.rel1-mingw-w64-i686-arm-none-eabi/bin/../lib/gcc/arm-none-eabi/13.2.1/thumb/v7e-m+fp/hard/crtbegin.o
 .text.register_tm_clones
                0x080002a0       0x24 C:/tools/arm-gnu-toolchain-13.2.rel1-mingw-w64-i686-arm-none-eabi/bin/../lib/gcc/arm-none-eabi/13.2.1/thumb/v7e-m+fp/hard/crtbegin.o
 .text.__do_global_dtors_aux
                0x080002c4       0x28 C:/tools/arm-gnu-toolchain-13.2.rel1-mingw-w64-i686-arm-none-eabi/bin/../lib/gcc/arm-none-eabi/13.2.1/thumb/v7e-m+fp/hard/crtbegin.o
 .text.frame_dummy
                0x080002ec       0x24 C:/tools/arm-gnu-toolchain-13.2.rel1-mingw-w64-i686-arm-none-eabi/bin/../lib/gcc/arm-none-eabi/13.2.1/thumb/v7e-m+fp/hard/crtbegin.o
 .text.CONFIGURE_TIMER_FOR_RUN_TIME_STATS
                0x08000310       0x14 build/main.o
                0x08000310                CONFIGURE_TIMER_FOR_RUN_TIME_STATS
 .text.GET_RUN_TIME_COUNTER_VALUE
                0x08000324       0x18 build/main.o
                0x08000324                GET_RUN_TIME_COUNTER_VALUE
 .text.main     0x0800033c      0x2a0 build/main.o
                0x0800033c                main
 .text.SystemClock_Config
                0x080005dc       0xd0 build/main.o
                0x080005dc                SystemClock_Config
 .text.MX_ADC1_Init
                0x080006ac       0xa4 build/main.o
 .text.MX_TIM1_Init
                0x08000750      0x144 build/main.o
 .text.MX_TIM2_Init
                0x08000894       0x9c build/main.o
 .text.MX_TIM3_Init
                0x08000930       0xf0 build/main.o
 .text.MX_USART1_UART_Init
                0x08000a20       0x54 build/main.o
 .text.MX_DMA_Init
                0x08000a74       0x50 build/main.o
 .text.MX_GPIO_Init
                0x08000ac4      0x130 build/main.o
 .text.StartDefaultTask
                0x08000bf4       0x14 build/main.o
                0x08000bf4                StartDefaultTask
 .text.HAL_TIM_PeriodElapsedCallback
                0x08000c08       0x24 build/main.o
                0x08000c08                HAL_TIM_PeriodElapsedCallback
 .text.Error_Handler
                0x08000c2c        0xc build/main.o
                0x08000c2c                Error_Handler
 .text.NMI_Handler
                0x08000c38        0x8 build/stm32f4xx_it.o
                0x08000c38                NMI_Handler
 .text.HardFault_Handler
                0x08000c40        0x8 build/stm32f4xx_it.o
                0x08000c40                HardFault_Handler
 .text.MemManage_Handler
                0x08000c48        0x8 build/stm32f4xx_it.o
                0x08000c48                MemManage_Handler
 .text.BusFault_Handler
                0x08000c50        0x8 build/stm32f4xx_it.o
                0x08000c50                BusFault_Handler
 .text.UsageFault_Handler
                0x08000c58        0x8 build/stm32f4xx_it.o
                0x08000c58                UsageFault_Handler
 .text.DebugMon_Handler
                0x08000c60        0xe build/stm32f4xx_it.o
                0x08000c60                DebugMon_Handler
 *fill*         0x08000c6e        0x2 
 .text.TIM1_TRG_COM_TIM11_IRQHandler
                0x08000c70       0x1c build/stm32f4xx_it.o
                0x08000c70                TIM1_TRG_COM_TIM11_IRQHandler
 .text.USART1_IRQHandler
                0x08000c8c       0x14 build/stm32f4xx_it.o
                0x08000c8c                USART1_IRQHandler
 .text.DMA2_Stream2_IRQHandler
                0x08000ca0       0x14 build/stm32f4xx_it.o
                0x08000ca0                DMA2_Stream2_IRQHandler
 .text.OTG_FS_IRQHandler
                0x08000cb4       0x14 build/stm32f4xx_it.o
                0x08000cb4                OTG_FS_IRQHandler
 .text.DMA2_Stream7_IRQHandler
                0x08000cc8       0x14 build/stm32f4xx_it.o
                0x08000cc8                DMA2_Stream7_IRQHandler
 .text.HAL_MspInit
                0x08000cdc       0x58 build/stm32f4xx_hal_msp.o
                0x08000cdc                HAL_MspInit
 .text.HAL_ADC_MspInit
                0x08000d34       0x88 build/stm32f4xx_hal_msp.o
                0x08000d34                HAL_ADC_MspInit
 .text.HAL_TIM_Base_MspInit
                0x08000dbc       0xa4 build/stm32f4xx_hal_msp.o
                0x08000dbc                HAL_TIM_Base_MspInit
 .text.HAL_TIM_MspPostInit
                0x08000e60       0xc0 build/stm32f4xx_hal_msp.o
                0x08000e60                HAL_TIM_MspPostInit
 .text.HAL_UART_MspInit
                0x08000f20      0x16c build/stm32f4xx_hal_msp.o
                0x08000f20                HAL_UART_MspInit
 .text.PreSleepProcessing
                0x0800108c       0x14 build/freertos.o
                0x0800108c                PreSleepProcessing
 .text.PostSleepProcessing
                0x080010a0       0x14 build/freertos.o
                0x080010a0                PostSleepProcessing
 .text.HAL_InitTick
                0x080010b4       0xe4 build/stm32f4xx_hal_timebase_tim.o
                0x080010b4                HAL_InitTick
 .text.xEventGroupCreateStatic
                0x08001198       0x72 build/event_groups.o
                0x08001198                xEventGroupCreateStatic
 .text.xEventGroupCreate
                0x0800120a       0x34 build/event_groups.o
                0x0800120a                xEventGroupCreate
 *fill*         0x0800123e        0x2 
 .text.xEventGroupWaitBits
                0x08001240      0x1a4 build/event_groups.o
                0x08001240                xEventGroupWaitBits
 .text.xEventGroupClearBits
                0x080013e4       0x72 build/event_groups.o
                0x080013e4                xEventGroupClearBits
 *fill*         0x08001456        0x2 
 .text.xEventGroupClearBitsFromISR
                0x08001458       0x28 build/event_groups.o
                0x08001458                xEventGroupClearBitsFromISR
 .text.xEventGroupGetBitsFromISR
                0x08001480       0x48 build/event_groups.o
                0x08001480                xEventGroupGetBitsFromISR
 .text.xEventGroupSetBits
                0x080014c8      0x118 build/event_groups.o
                0x080014c8                xEventGroupSetBits
 .text.vEventGroupSetBitsCallback
                0x080015e0       0x1a build/event_groups.o
                0x080015e0                vEventGroupSetBitsCallback
 .text.vEventGroupClearBitsCallback
                0x080015fa       0x1a build/event_groups.o
                0x080015fa                vEventGroupClearBitsCallback
 .text.prvTestWaitCondition
                0x08001614       0x44 build/event_groups.o
 .text.xEventGroupSetBitsFromISR
                0x08001658       0x28 build/event_groups.o
                0x08001658                xEventGroupSetBitsFromISR
 .text.vListInitialise
                0x08001680       0x40 build/list.o
                0x08001680                vListInitialise
 .text.vListInitialiseItem
                0x080016c0       0x1a build/list.o
                0x080016c0                vListInitialiseItem
 .text.vListInsertEnd
                0x080016da       0x48 build/list.o
                0x080016da                vListInsertEnd
 .text.vListInsert
                0x08001722       0x72 build/list.o
                0x08001722                vListInsert
 .text.uxListRemove
                0x08001794       0x54 build/list.o
                0x08001794                uxListRemove
 .text.xQueueGenericReset
                0x080017e8       0xd4 build/queue.o
                0x080017e8                xQueueGenericReset
 .text.xQueueGenericCreateStatic
                0x080018bc       0xfa build/queue.o
                0x080018bc                xQueueGenericCreateStatic
 .text.xQueueGenericCreate
                0x080019b6       0x76 build/queue.o
                0x080019b6                xQueueGenericCreate
 .text.prvInitialiseNewQueue
                0x08001a2c       0x46 build/queue.o
 .text.xQueueCreateCountingSemaphoreStatic
                0x08001a72       0x72 build/queue.o
                0x08001a72                xQueueCreateCountingSemaphoreStatic
 .text.xQueueCreateCountingSemaphore
                0x08001ae4       0x6a build/queue.o
                0x08001ae4                xQueueCreateCountingSemaphore
 *fill*         0x08001b4e        0x2 
 .text.xQueueGenericSend
                0x08001b50      0x204 build/queue.o
                0x08001b50                xQueueGenericSend
 .text.xQueueGenericSendFromISR
                0x08001d54      0x13c build/queue.o
                0x08001d54                xQueueGenericSendFromISR
 .text.xQueueGiveFromISR
                0x08001e90      0x120 build/queue.o
                0x08001e90                xQueueGiveFromISR
 .text.xQueueReceive
                0x08001fb0      0x1c4 build/queue.o
                0x08001fb0                xQueueReceive
 .text.xQueueSemaphoreTake
                0x08002174      0x220 build/queue.o
                0x08002174                xQueueSemaphoreTake
 .text.xQueueReceiveFromISR
                0x08002394      0x104 build/queue.o
                0x08002394                xQueueReceiveFromISR
 .text.uxQueueMessagesWaiting
                0x08002498       0x3e build/queue.o
                0x08002498                uxQueueMessagesWaiting
 .text.uxQueueMessagesWaitingFromISR
                0x080024d6       0x3e build/queue.o
                0x080024d6                uxQueueMessagesWaitingFromISR
 .text.vQueueDelete
                0x08002514       0x48 build/queue.o
                0x08002514                vQueueDelete
 .text.prvGetDisinheritPriorityAfterTimeout
                0x0800255c       0x30 build/queue.o
 .text.prvCopyDataToQueue
                0x0800258c       0xd4 build/queue.o
 .text.prvCopyDataFromQueue
                0x08002660       0x4c build/queue.o
 .text.prvUnlockQueue
                0x080026ac       0xa4 build/queue.o
 .text.prvIsQueueEmpty
                0x08002750       0x2c build/queue.o
 .text.prvIsQueueFull
                0x0800277c       0x30 build/queue.o
 .text.vQueueAddToRegistry
                0x080027ac       0x54 build/queue.o
                0x080027ac                vQueueAddToRegistry
 .text.vQueueUnregisterQueue
                0x08002800       0x54 build/queue.o
                0x08002800                vQueueUnregisterQueue
 .text.vQueueWaitForMessageRestricted
                0x08002854       0x68 build/queue.o
                0x08002854                vQueueWaitForMessageRestricted
 .text.xTaskCreateStatic
                0x080028bc       0xc0 build/tasks.o
                0x080028bc                xTaskCreateStatic
 .text.xTaskCreate
                0x0800297c       0x8a build/tasks.o
                0x0800297c                xTaskCreate
 .text.prvInitialiseNewTask
                0x08002a06      0x12c build/tasks.o
 *fill*         0x08002b32        0x2 
 .text.prvAddNewTaskToReadyList
                0x08002b34       0xe0 build/tasks.o
 .text.vTaskDelay
                0x08002c14       0x6c build/tasks.o
                0x08002c14                vTaskDelay
 .text.vTaskStartScheduler
                0x08002c80       0xd4 build/tasks.o
                0x08002c80                vTaskStartScheduler
 .text.vTaskSuspendAll
                0x08002d54       0x1c build/tasks.o
                0x08002d54                vTaskSuspendAll
 .text.prvGetExpectedIdleTime
                0x08002d70       0x70 build/tasks.o
 .text.xTaskResumeAll
                0x08002de0      0x13c build/tasks.o
                0x08002de0                xTaskResumeAll
 .text.xTaskGetTickCount
                0x08002f1c       0x20 build/tasks.o
                0x08002f1c                xTaskGetTickCount
 .text.vTaskStepTick
                0x08002f3c       0x50 build/tasks.o
                0x08002f3c                vTaskStepTick
 .text.xTaskIncrementTick
                0x08002f8c      0x174 build/tasks.o
                0x08002f8c                xTaskIncrementTick
 .text.vTaskSwitchContext
                0x08003100       0xf4 build/tasks.o
                0x08003100                vTaskSwitchContext
 .text.vTaskPlaceOnEventList
                0x080031f4       0x4c build/tasks.o
                0x080031f4                vTaskPlaceOnEventList
 .text.vTaskPlaceOnUnorderedEventList
                0x08003240       0x7c build/tasks.o
                0x08003240                vTaskPlaceOnUnorderedEventList
 .text.vTaskPlaceOnEventListRestricted
                0x080032bc       0x58 build/tasks.o
                0x080032bc                vTaskPlaceOnEventListRestricted
 .text.xTaskRemoveFromEventList
                0x08003314       0xcc build/tasks.o
                0x08003314                xTaskRemoveFromEventList
 .text.vTaskRemoveFromUnorderedEventList
                0x080033e0       0xcc build/tasks.o
                0x080033e0                vTaskRemoveFromUnorderedEventList
 .text.vTaskInternalSetTimeOutState
                0x080034ac       0x2c build/tasks.o
                0x080034ac                vTaskInternalSetTimeOutState
 .text.xTaskCheckForTimeOut
                0x080034d8       0xc8 build/tasks.o
                0x080034d8                xTaskCheckForTimeOut
 .text.vTaskMissedYield
                0x080035a0       0x18 build/tasks.o
                0x080035a0                vTaskMissedYield
 .text.prvIdleTask
                0x080035b8       0x80 build/tasks.o
 .text.eTaskConfirmSleepModeStatus
                0x08003638       0x5c build/tasks.o
                0x08003638                eTaskConfirmSleepModeStatus
 .text.prvInitialiseTaskLists
                0x08003694       0x80 build/tasks.o
 .text.prvCheckTasksWaitingTermination
                0x08003714       0x5c build/tasks.o
 .text.prvDeleteTCB
                0x08003770       0x60 build/tasks.o
 .text.prvResetNextTaskUnblockTime
                0x080037d0       0x40 build/tasks.o
 .text.xTaskGetCurrentTaskHandle
                0x08003810       0x20 build/tasks.o
                0x08003810                xTaskGetCurrentTaskHandle
 .text.xTaskGetSchedulerState
                0x08003830       0x3c build/tasks.o
                0x08003830                xTaskGetSchedulerState
 .text.xTaskPriorityInherit
                0x0800386c       0xd0 build/tasks.o
                0x0800386c                xTaskPriorityInherit
 .text.xTaskPriorityDisinherit
                0x0800393c       0xe0 build/tasks.o
                0x0800393c                xTaskPriorityDisinherit
 .text.vTaskPriorityDisinheritAfterTimeout
                0x08003a1c      0x108 build/tasks.o
                0x08003a1c                vTaskPriorityDisinheritAfterTimeout
 .text.uxTaskResetEventItemValue
                0x08003b24       0x30 build/tasks.o
                0x08003b24                uxTaskResetEventItemValue
 .text.pvTaskIncrementMutexHeldCount
                0x08003b54       0x28 build/tasks.o
                0x08003b54                pvTaskIncrementMutexHeldCount
 .text.xTaskNotifyWait
                0x08003b7c       0xb4 build/tasks.o
                0x08003b7c                xTaskNotifyWait
 .text.xTaskGenericNotify
                0x08003c30      0x178 build/tasks.o
                0x08003c30                xTaskGenericNotify
 .text.xTaskGenericNotifyFromISR
                0x08003da8      0x1c0 build/tasks.o
                0x08003da8                xTaskGenericNotifyFromISR
 .text.prvAddCurrentTaskToDelayedList
                0x08003f68       0xa8 build/tasks.o
 .text.xTimerCreateTimerTask
                0x08004010       0x94 build/timers.o
                0x08004010                xTimerCreateTimerTask
 .text.xTimerCreate
                0x080040a4       0x42 build/timers.o
                0x080040a4                xTimerCreate
 .text.xTimerCreateStatic
                0x080040e6       0x80 build/timers.o
                0x080040e6                xTimerCreateStatic
 .text.prvInitialiseNewTimer
                0x08004166       0x78 build/timers.o
 *fill*         0x080041de        0x2 
 .text.xTimerGenericCommand
                0x080041e0       0x9c build/timers.o
                0x080041e0                xTimerGenericCommand
 .text.prvProcessExpiredTimer
                0x0800427c       0x9c build/timers.o
 .text.prvTimerTask
                0x08004318       0x26 build/timers.o
 *fill*         0x0800433e        0x2 
 .text.prvProcessTimerOrBlockTask
                0x08004340       0x9c build/timers.o
 .text.prvGetNextExpireTime
                0x080043dc       0x48 build/timers.o
 .text.prvSampleTimeNow
                0x08004424       0x40 build/timers.o
 .text.prvInsertTimerInActiveList
                0x08004464       0x84 build/timers.o
 .text.prvProcessReceivedCommands
                0x080044e8      0x1cc build/timers.o
 .text.prvSwitchTimerLists
                0x080046b4       0xcc build/timers.o
 .text.prvCheckForValidListAndQueue
                0x08004780       0x80 build/timers.o
 .text.pvTimerGetTimerID
                0x08004800       0x42 build/timers.o
                0x08004800                pvTimerGetTimerID
 *fill*         0x08004842        0x2 
 .text.xTimerPendFunctionCallFromISR
                0x08004844       0x40 build/timers.o
                0x08004844                xTimerPendFunctionCallFromISR
 .text.__NVIC_SetPriority
                0x08004884       0x54 build/cmsis_os2.o
 .text.SysTick_Handler
                0x080048d8       0x20 build/cmsis_os2.o
                0x080048d8                SysTick_Handler
 .text.SVC_Setup
                0x080048f8       0x12 build/cmsis_os2.o
 *fill*         0x0800490a        0x2 
 .text.osKernelInitialize
                0x0800490c       0x48 build/cmsis_os2.o
                0x0800490c                osKernelInitialize
 .text.osKernelStart
                0x08004954       0x4c build/cmsis_os2.o
                0x08004954                osKernelStart
 .text.osThreadNew
                0x080049a0      0x124 build/cmsis_os2.o
                0x080049a0                osThreadNew
 .text.osThreadGetId
                0x08004ac4       0x16 build/cmsis_os2.o
                0x08004ac4                osThreadGetId
 *fill*         0x08004ada        0x2 
 .text.osThreadFlagsSet
                0x08004adc       0x9c build/cmsis_os2.o
                0x08004adc                osThreadFlagsSet
 .text.osThreadFlagsClear
                0x08004b78       0x7c build/cmsis_os2.o
                0x08004b78                osThreadFlagsClear
 .text.osThreadFlagsWait
                0x08004bf4      0x102 build/cmsis_os2.o
                0x08004bf4                osThreadFlagsWait
 .text.osDelay  0x08004cf6       0x36 build/cmsis_os2.o
                0x08004cf6                osDelay
 .text.TimerCallback
                0x08004d2c       0x2a build/cmsis_os2.o
 *fill*         0x08004d56        0x2 
 .text.osTimerNew
                0x08004d58       0xf8 build/cmsis_os2.o
                0x08004d58                osTimerNew
 .text.osTimerStart
                0x08004e50       0x5c build/cmsis_os2.o
                0x08004e50                osTimerStart
 .text.osEventFlagsNew
                0x08004eac       0x7e build/cmsis_os2.o
                0x08004eac                osEventFlagsNew
 *fill*         0x08004f2a        0x2 
 .text.osEventFlagsSet
                0x08004f2c       0x84 build/cmsis_os2.o
                0x08004f2c                osEventFlagsSet
 .text.osEventFlagsClear
                0x08004fb0       0x62 build/cmsis_os2.o
                0x08004fb0                osEventFlagsClear
 .text.osEventFlagsWait
                0x08005012       0xca build/cmsis_os2.o
                0x08005012                osEventFlagsWait
 .text.osSemaphoreNew
                0x080050dc      0x112 build/cmsis_os2.o
                0x080050dc                osSemaphoreNew
 *fill*         0x080051ee        0x2 
 .text.osSemaphoreAcquire
                0x080051f0       0xa4 build/cmsis_os2.o
                0x080051f0                osSemaphoreAcquire
 .text.osSemaphoreRelease
                0x08005294       0x88 build/cmsis_os2.o
                0x08005294                osSemaphoreRelease
 .text.osMessageQueueNew
                0x0800531c       0xe6 build/cmsis_os2.o
                0x0800531c                osMessageQueueNew
 *fill*         0x08005402        0x2 
 .text.osMessageQueuePut
                0x08005404       0xc0 build/cmsis_os2.o
                0x08005404                osMessageQueuePut
 .text.osMessageQueueGet
                0x080054c4       0xbc build/cmsis_os2.o
                0x080054c4                osMessageQueueGet
 .text.osMemoryPoolNew
                0x08005580      0x1ac build/cmsis_os2.o
                0x08005580                osMemoryPoolNew
 .text.osMemoryPoolAlloc
                0x0800572c       0xec build/cmsis_os2.o
                0x0800572c                osMemoryPoolAlloc
 .text.osMemoryPoolFree
                0x08005818      0x130 build/cmsis_os2.o
                0x08005818                osMemoryPoolFree
 .text.CreateBlock
                0x08005948       0x44 build/cmsis_os2.o
 .text.AllocBlock
                0x0800598c       0x30 build/cmsis_os2.o
 .text.FreeBlock
                0x080059bc       0x28 build/cmsis_os2.o
 .text.vApplicationGetIdleTaskMemory
                0x080059e4       0x34 build/cmsis_os2.o
                0x080059e4                vApplicationGetIdleTaskMemory
 .text.vApplicationGetTimerTaskMemory
                0x08005a18       0x34 build/cmsis_os2.o
                0x08005a18                vApplicationGetTimerTaskMemory
 .text.pvPortMalloc
                0x08005a4c      0x19c build/heap_4.o
                0x08005a4c                pvPortMalloc
 .text.vPortFree
                0x08005be8       0xc8 build/heap_4.o
                0x08005be8                vPortFree
 .text.prvHeapInit
                0x08005cb0       0xc4 build/heap_4.o
 .text.prvInsertBlockIntoFreeList
                0x08005d74       0xb4 build/heap_4.o
 .text.pxPortInitialiseStack
                0x08005e28       0x68 build/port.o
                0x08005e28                pxPortInitialiseStack
 .text.prvTaskExitError
                0x08005e90       0x5c build/port.o
 *fill*         0x08005eec        0x4 
 .text.SVC_Handler
                0x08005ef0       0x28 build/port.o
                0x08005ef0                SVC_Handler
 .text.prvPortStartFirstTask
                0x08005f18       0x28 build/port.o
 .text.xPortStartScheduler
                0x08005f40      0x148 build/port.o
                0x08005f40                xPortStartScheduler
 .text.vPortEnterCritical
                0x08006088       0x64 build/port.o
                0x08006088                vPortEnterCritical
 .text.vPortExitCritical
                0x080060ec       0x54 build/port.o
                0x080060ec                vPortExitCritical
 .text.PendSV_Handler
                0x08006140       0x68 build/port.o
                0x08006140                PendSV_Handler
 .text.xPortSysTickHandler
                0x080061a8       0x44 build/port.o
                0x080061a8                xPortSysTickHandler
 .text.vPortSuppressTicksAndSleep
                0x080061ec      0x198 build/port.o
                0x080061ec                vPortSuppressTicksAndSleep
 .text.vPortSetupTimerInterrupt
                0x08006384       0x78 build/port.o
                0x08006384                vPortSetupTimerInterrupt
 .text.vPortEnableVFP
                0x080063fc       0x14 build/port.o
 .text.vPortValidateInterruptPriority
                0x08006410       0x84 build/port.o
                0x08006410                vPortValidateInterruptPriority
 .text.MX_USB_DEVICE_Init
                0x08006494       0x60 build/usb_device.o
                0x08006494                MX_USB_DEVICE_Init
 .text.USBD_FS_DeviceDescriptor
                0x080064f4       0x24 build/usbd_desc.o
                0x080064f4                USBD_FS_DeviceDescriptor
 .text.USBD_FS_LangIDStrDescriptor
                0x08006518       0x24 build/usbd_desc.o
                0x08006518                USBD_FS_LangIDStrDescriptor
 .text.USBD_FS_ProductStrDescriptor
                0x0800653c       0x3c build/usbd_desc.o
                0x0800653c                USBD_FS_ProductStrDescriptor
 .text.USBD_FS_ManufacturerStrDescriptor
                0x08006578       0x28 build/usbd_desc.o
                0x08006578                USBD_FS_ManufacturerStrDescriptor
 .text.USBD_FS_SerialStrDescriptor
                0x080065a0       0x24 build/usbd_desc.o
                0x080065a0                USBD_FS_SerialStrDescriptor
 .text.USBD_FS_ConfigStrDescriptor
                0x080065c4       0x3c build/usbd_desc.o
                0x080065c4                USBD_FS_ConfigStrDescriptor
 .text.USBD_FS_InterfaceStrDescriptor
                0x08006600       0x3c build/usbd_desc.o
                0x08006600                USBD_FS_InterfaceStrDescriptor
 .text.Get_SerialNum
                0x0800663c       0x58 build/usbd_desc.o
 .text.IntToUnicode
                0x08006694       0x7e build/usbd_desc.o
 *fill*         0x08006712        0x2 
 .text.CDC_Init_FS
                0x08006714       0x28 build/usbd_cdc_if.o
 .text.CDC_DeInit_FS
                0x0800673c       0x10 build/usbd_cdc_if.o
 .text.CDC_Control_FS
                0x0800674c       0xbc build/usbd_cdc_if.o
 .text.CDC_Receive_FS
                0x08006808       0x28 build/usbd_cdc_if.o
 .text.CDC_TransmitCplt_FS
                0x08006830       0x22 build/usbd_cdc_if.o
 *fill*         0x08006852        0x2 
 .text.HAL_PCD_MspInit
                0x08006854       0xa8 build/usbd_conf.o
                0x08006854                HAL_PCD_MspInit
 .text.HAL_PCD_SetupStageCallback
                0x080068fc       0x24 build/usbd_conf.o
                0x080068fc                HAL_PCD_SetupStageCallback
 .text.HAL_PCD_DataOutStageCallback
                0x08006920       0x36 build/usbd_conf.o
                0x08006920                HAL_PCD_DataOutStageCallback
 .text.HAL_PCD_DataInStageCallback
                0x08006956       0x34 build/usbd_conf.o
                0x08006956                HAL_PCD_DataInStageCallback
 .text.HAL_PCD_SOFCallback
                0x0800698a       0x1c build/usbd_conf.o
                0x0800698a                HAL_PCD_SOFCallback
 .text.HAL_PCD_ResetCallback
                0x080069a6       0x3c build/usbd_conf.o
                0x080069a6                HAL_PCD_ResetCallback
 *fill*         0x080069e2        0x2 
 .text.HAL_PCD_SuspendCallback
                0x080069e4       0x4c build/usbd_conf.o
                0x080069e4                HAL_PCD_SuspendCallback
 .text.HAL_PCD_ResumeCallback
                0x08006a30       0x1c build/usbd_conf.o
                0x08006a30                HAL_PCD_ResumeCallback
 .text.HAL_PCD_ISOOUTIncompleteCallback
                0x08006a4c       0x24 build/usbd_conf.o
                0x08006a4c                HAL_PCD_ISOOUTIncompleteCallback
 .text.HAL_PCD_ISOINIncompleteCallback
                0x08006a70       0x24 build/usbd_conf.o
                0x08006a70                HAL_PCD_ISOINIncompleteCallback
 .text.HAL_PCD_ConnectCallback
                0x08006a94       0x1c build/usbd_conf.o
                0x08006a94                HAL_PCD_ConnectCallback
 .text.HAL_PCD_DisconnectCallback
                0x08006ab0       0x1c build/usbd_conf.o
                0x08006ab0                HAL_PCD_DisconnectCallback
 .text.USBD_LL_Init
                0x08006acc       0x98 build/usbd_conf.o
                0x08006acc                USBD_LL_Init
 .text.USBD_LL_Start
                0x08006b64       0x36 build/usbd_conf.o
                0x08006b64                USBD_LL_Start
 .text.USBD_LL_OpenEP
                0x08006b9a       0x4c build/usbd_conf.o
                0x08006b9a                USBD_LL_OpenEP
 .text.USBD_LL_CloseEP
                0x08006be6       0x3e build/usbd_conf.o
                0x08006be6                USBD_LL_CloseEP
 .text.USBD_LL_StallEP
                0x08006c24       0x3e build/usbd_conf.o
                0x08006c24                USBD_LL_StallEP
 .text.USBD_LL_ClearStallEP
                0x08006c62       0x3e build/usbd_conf.o
                0x08006c62                USBD_LL_ClearStallEP
 .text.USBD_LL_IsStallEP
                0x08006ca0       0x58 build/usbd_conf.o
                0x08006ca0                USBD_LL_IsStallEP
 .text.USBD_LL_SetUSBAddress
                0x08006cf8       0x3e build/usbd_conf.o
                0x08006cf8                USBD_LL_SetUSBAddress
 .text.USBD_LL_Transmit
                0x08006d36       0x42 build/usbd_conf.o
                0x08006d36                USBD_LL_Transmit
 .text.USBD_LL_PrepareReceive
                0x08006d78       0x42 build/usbd_conf.o
                0x08006d78                USBD_LL_PrepareReceive
 .text.USBD_LL_GetRxDataSize
                0x08006dba       0x26 build/usbd_conf.o
                0x08006dba                USBD_LL_GetRxDataSize
 .text.USBD_static_malloc
                0x08006de0       0x1c build/usbd_conf.o
                0x08006de0                USBD_static_malloc
 .text.USBD_static_free
                0x08006dfc       0x14 build/usbd_conf.o
                0x08006dfc                USBD_static_free
 .text.USBD_Get_USB_Status
                0x08006e10       0x58 build/usbd_conf.o
                0x08006e10                USBD_Get_USB_Status
 .text.HAL_PCD_Init
                0x08006e68      0x23a build/stm32f4xx_hal_pcd.o
                0x08006e68                HAL_PCD_Init
 .text.HAL_PCD_Start
                0x080070a2       0x66 build/stm32f4xx_hal_pcd.o
                0x080070a2                HAL_PCD_Start
 .text.HAL_PCD_IRQHandler
                0x08007108      0x93e build/stm32f4xx_hal_pcd.o
                0x08007108                HAL_PCD_IRQHandler
 .text.HAL_PCD_SetAddress
                0x08007a46       0x4a build/stm32f4xx_hal_pcd.o
                0x08007a46                HAL_PCD_SetAddress
 .text.HAL_PCD_EP_Open
                0x08007a90       0xd0 build/stm32f4xx_hal_pcd.o
                0x08007a90                HAL_PCD_EP_Open
 .text.HAL_PCD_EP_Close
                0x08007b60       0x94 build/stm32f4xx_hal_pcd.o
                0x08007b60                HAL_PCD_EP_Close
 .text.HAL_PCD_EP_Receive
                0x08007bf4       0x96 build/stm32f4xx_hal_pcd.o
                0x08007bf4                HAL_PCD_EP_Receive
 .text.HAL_PCD_EP_GetRxCount
                0x08007c8a       0x30 build/stm32f4xx_hal_pcd.o
                0x08007c8a                HAL_PCD_EP_GetRxCount
 .text.HAL_PCD_EP_Transmit
                0x08007cba       0x94 build/stm32f4xx_hal_pcd.o
                0x08007cba                HAL_PCD_EP_Transmit
 .text.HAL_PCD_EP_SetStall
                0x08007d4e       0xc8 build/stm32f4xx_hal_pcd.o
                0x08007d4e                HAL_PCD_EP_SetStall
 .text.HAL_PCD_EP_ClrStall
                0x08007e16       0xac build/stm32f4xx_hal_pcd.o
                0x08007e16                HAL_PCD_EP_ClrStall
 .text.HAL_PCD_EP_Abort
                0x08007ec2       0x62 build/stm32f4xx_hal_pcd.o
                0x08007ec2                HAL_PCD_EP_Abort
 .text.PCD_WriteEmptyTxFifo
                0x08007f24      0x11a build/stm32f4xx_hal_pcd.o
 *fill*         0x0800803e        0x2 
 .text.PCD_EP_OutXfrComplete_int
                0x08008040      0x1d0 build/stm32f4xx_hal_pcd.o
 .text.PCD_EP_OutSetupPacket_int
                0x08008210       0x8c build/stm32f4xx_hal_pcd.o
 .text.HAL_PCDEx_SetTxFiFo
                0x0800829c       0x8e build/stm32f4xx_hal_pcd_ex.o
                0x0800829c                HAL_PCDEx_SetTxFiFo
 .text.HAL_PCDEx_SetRxFiFo
                0x0800832a       0x22 build/stm32f4xx_hal_pcd_ex.o
                0x0800832a                HAL_PCDEx_SetRxFiFo
 .text.HAL_PCDEx_LPM_Callback
                0x0800834c       0x18 build/stm32f4xx_hal_pcd_ex.o
                0x0800834c                HAL_PCDEx_LPM_Callback
 .text.USB_CoreInit
                0x08008364       0xc2 build/stm32f4xx_ll_usb.o
                0x08008364                USB_CoreInit
 *fill*         0x08008426        0x2 
 .text.USB_SetTurnaroundTime
                0x08008428      0x144 build/stm32f4xx_ll_usb.o
                0x08008428                USB_SetTurnaroundTime
 .text.USB_EnableGlobalInt
                0x0800856c       0x22 build/stm32f4xx_ll_usb.o
                0x0800856c                USB_EnableGlobalInt
 .text.USB_DisableGlobalInt
                0x0800858e       0x22 build/stm32f4xx_ll_usb.o
                0x0800858e                USB_DisableGlobalInt
 .text.USB_SetCurrentMode
                0x080085b0       0x98 build/stm32f4xx_ll_usb.o
                0x080085b0                USB_SetCurrentMode
 .text.USB_DevInit
                0x08008648      0x2c8 build/stm32f4xx_ll_usb.o
                0x08008648                USB_DevInit
 .text.USB_FlushTxFifo
                0x08008910       0x68 build/stm32f4xx_ll_usb.o
                0x08008910                USB_FlushTxFifo
 .text.USB_FlushRxFifo
                0x08008978       0x60 build/stm32f4xx_ll_usb.o
                0x08008978                USB_FlushRxFifo
 .text.USB_SetDevSpeed
                0x080089d8       0x32 build/stm32f4xx_ll_usb.o
                0x080089d8                USB_SetDevSpeed
 .text.USB_GetDevSpeed
                0x08008a0a       0x4a build/stm32f4xx_ll_usb.o
                0x08008a0a                USB_GetDevSpeed
 .text.USB_ActivateEndpoint
                0x08008a54      0x10e build/stm32f4xx_ll_usb.o
                0x08008a54                USB_ActivateEndpoint
 *fill*         0x08008b62        0x2 
 .text.USB_DeactivateEndpoint
                0x08008b64      0x1b8 build/stm32f4xx_ll_usb.o
                0x08008b64                USB_DeactivateEndpoint
 .text.USB_EPStartXfer
                0x08008d1c      0x490 build/stm32f4xx_ll_usb.o
                0x08008d1c                USB_EPStartXfer
 .text.USB_EP0StartXfer
                0x080091ac      0x2b0 build/stm32f4xx_ll_usb.o
                0x080091ac                USB_EP0StartXfer
 .text.USB_EPStopXfer
                0x0800945c      0x154 build/stm32f4xx_ll_usb.o
                0x0800945c                USB_EPStopXfer
 .text.USB_WritePacket
                0x080095b0       0x7c build/stm32f4xx_ll_usb.o
                0x080095b0                USB_WritePacket
 .text.USB_ReadPacket
                0x0800962c       0xb0 build/stm32f4xx_ll_usb.o
                0x0800962c                USB_ReadPacket
 .text.USB_EPSetStall
                0x080096dc       0xdc build/stm32f4xx_ll_usb.o
                0x080096dc                USB_EPSetStall
 .text.USB_EPClearStall
                0x080097b8       0xcc build/stm32f4xx_ll_usb.o
                0x080097b8                USB_EPClearStall
 .text.USB_SetDevAddress
                0x08009884       0x4c build/stm32f4xx_ll_usb.o
                0x08009884                USB_SetDevAddress
 .text.USB_DevConnect
                0x080098d0       0x42 build/stm32f4xx_ll_usb.o
                0x080098d0                USB_DevConnect
 .text.USB_DevDisconnect
                0x08009912       0x42 build/stm32f4xx_ll_usb.o
                0x08009912                USB_DevDisconnect
 .text.USB_ReadInterrupts
                0x08009954       0x26 build/stm32f4xx_ll_usb.o
                0x08009954                USB_ReadInterrupts
 .text.USB_ReadDevAllOutEpInterrupt
                0x0800997a       0x34 build/stm32f4xx_ll_usb.o
                0x0800997a                USB_ReadDevAllOutEpInterrupt
 .text.USB_ReadDevAllInEpInterrupt
                0x080099ae       0x34 build/stm32f4xx_ll_usb.o
                0x080099ae                USB_ReadDevAllInEpInterrupt
 .text.USB_ReadDevOutEPInterrupt
                0x080099e2       0x3c build/stm32f4xx_ll_usb.o
                0x080099e2                USB_ReadDevOutEPInterrupt
 .text.USB_ReadDevInEPInterrupt
                0x08009a1e       0x5c build/stm32f4xx_ll_usb.o
                0x08009a1e                USB_ReadDevInEPInterrupt
 .text.USB_GetMode
                0x08009a7a       0x1c build/stm32f4xx_ll_usb.o
                0x08009a7a                USB_GetMode
 .text.USB_ActivateSetup
                0x08009a96       0x46 build/stm32f4xx_ll_usb.o
                0x08009a96                USB_ActivateSetup
 .text.USB_EP0_OutStart
                0x08009adc       0xbc build/stm32f4xx_ll_usb.o
                0x08009adc                USB_EP0_OutStart
 .text.USB_CoreReset
                0x08009b98       0x68 build/stm32f4xx_ll_usb.o
 .text.HAL_RCC_OscConfig
                0x08009c00      0x4f0 build/stm32f4xx_hal_rcc.o
                0x08009c00                HAL_RCC_OscConfig
 .text.HAL_RCC_ClockConfig
                0x0800a0f0      0x1cc build/stm32f4xx_hal_rcc.o
                0x0800a0f0                HAL_RCC_ClockConfig
 .text.HAL_RCC_GetSysClockFreq
                0x0800a2bc      0x18c build/stm32f4xx_hal_rcc.o
                0x0800a2bc                HAL_RCC_GetSysClockFreq
 .text.HAL_RCC_GetHCLKFreq
                0x0800a448       0x18 build/stm32f4xx_hal_rcc.o
                0x0800a448                HAL_RCC_GetHCLKFreq
 .text.HAL_RCC_GetPCLK1Freq
                0x0800a460       0x28 build/stm32f4xx_hal_rcc.o
                0x0800a460                HAL_RCC_GetPCLK1Freq
 .text.HAL_RCC_GetPCLK2Freq
                0x0800a488       0x28 build/stm32f4xx_hal_rcc.o
                0x0800a488                HAL_RCC_GetPCLK2Freq
 .text.HAL_RCC_GetClockConfig
                0x0800a4b0       0x64 build/stm32f4xx_hal_rcc.o
                0x0800a4b0                HAL_RCC_GetClockConfig
 .text.HAL_GPIO_Init
                0x0800a514      0x308 build/stm32f4xx_hal_gpio.o
                0x0800a514                HAL_GPIO_Init
 .text.HAL_GPIO_WritePin
                0x0800a81c       0x32 build/stm32f4xx_hal_gpio.o
                0x0800a81c                HAL_GPIO_WritePin
 .text.HAL_GPIO_TogglePin
                0x0800a84e       0x34 build/stm32f4xx_hal_gpio.o
                0x0800a84e                HAL_GPIO_TogglePin
 *fill*         0x0800a882        0x2 
 .text.HAL_DMA_Init
                0x0800a884      0x15c build/stm32f4xx_hal_dma.o
                0x0800a884                HAL_DMA_Init
 .text.HAL_DMA_Start_IT
                0x0800a9e0       0xb0 build/stm32f4xx_hal_dma.o
                0x0800a9e0                HAL_DMA_Start_IT
 .text.HAL_DMA_Abort
                0x0800aa90       0xe0 build/stm32f4xx_hal_dma.o
                0x0800aa90                HAL_DMA_Abort
 .text.HAL_DMA_Abort_IT
                0x0800ab70       0x44 build/stm32f4xx_hal_dma.o
                0x0800ab70                HAL_DMA_Abort_IT
 .text.HAL_DMA_IRQHandler
                0x0800abb4      0x314 build/stm32f4xx_hal_dma.o
                0x0800abb4                HAL_DMA_IRQHandler
 .text.DMA_SetConfig
                0x0800aec8       0x5c build/stm32f4xx_hal_dma.o
 .text.DMA_CalcBaseAndBitshift
                0x0800af24       0x6c build/stm32f4xx_hal_dma.o
 .text.DMA_CheckFifoParam
                0x0800af90       0xf8 build/stm32f4xx_hal_dma.o
 .text.__NVIC_SetPriorityGrouping
                0x0800b088       0x48 build/stm32f4xx_hal_cortex.o
 .text.__NVIC_GetPriorityGrouping
                0x0800b0d0       0x1c build/stm32f4xx_hal_cortex.o
 .text.__NVIC_EnableIRQ
                0x0800b0ec       0x3c build/stm32f4xx_hal_cortex.o
 .text.__NVIC_SetPriority
                0x0800b128       0x54 build/stm32f4xx_hal_cortex.o
 .text.NVIC_EncodePriority
                0x0800b17c       0x66 build/stm32f4xx_hal_cortex.o
 .text.HAL_NVIC_SetPriorityGrouping
                0x0800b1e2       0x16 build/stm32f4xx_hal_cortex.o
                0x0800b1e2                HAL_NVIC_SetPriorityGrouping
 .text.HAL_NVIC_SetPriority
                0x0800b1f8       0x38 build/stm32f4xx_hal_cortex.o
                0x0800b1f8                HAL_NVIC_SetPriority
 .text.HAL_NVIC_EnableIRQ
                0x0800b230       0x1c build/stm32f4xx_hal_cortex.o
                0x0800b230                HAL_NVIC_EnableIRQ
 .text.HAL_Init
                0x0800b24c       0x44 build/stm32f4xx_hal.o
                0x0800b24c                HAL_Init
 .text.HAL_IncTick
                0x0800b290       0x28 build/stm32f4xx_hal.o
                0x0800b290                HAL_IncTick
 .text.HAL_GetTick
                0x0800b2b8       0x18 build/stm32f4xx_hal.o
                0x0800b2b8                HAL_GetTick
 .text.HAL_Delay
                0x0800b2d0       0x48 build/stm32f4xx_hal.o
                0x0800b2d0                HAL_Delay
 .text.HAL_TIM_Base_Init
                0x0800b318       0x9e build/stm32f4xx_hal_tim.o
                0x0800b318                HAL_TIM_Base_Init
 *fill*         0x0800b3b6        0x2 
 .text.HAL_TIM_Base_Start
                0x0800b3b8       0xb4 build/stm32f4xx_hal_tim.o
                0x0800b3b8                HAL_TIM_Base_Start
 .text.HAL_TIM_Base_Start_IT
                0x0800b46c       0xc4 build/stm32f4xx_hal_tim.o
                0x0800b46c                HAL_TIM_Base_Start_IT
 .text.HAL_TIM_PWM_Init
                0x0800b530       0x9e build/stm32f4xx_hal_tim.o
                0x0800b530                HAL_TIM_PWM_Init
 .text.HAL_TIM_PWM_MspInit
                0x0800b5ce       0x14 build/stm32f4xx_hal_tim.o
                0x0800b5ce                HAL_TIM_PWM_MspInit
 *fill*         0x0800b5e2        0x2 
 .text.HAL_TIM_PWM_Start
                0x0800b5e4      0x160 build/stm32f4xx_hal_tim.o
                0x0800b5e4                HAL_TIM_PWM_Start
 .text.HAL_TIM_IRQHandler
                0x0800b744      0x210 build/stm32f4xx_hal_tim.o
                0x0800b744                HAL_TIM_IRQHandler
 .text.HAL_TIM_PWM_ConfigChannel
                0x0800b954      0x184 build/stm32f4xx_hal_tim.o
                0x0800b954                HAL_TIM_PWM_ConfigChannel
 .text.HAL_TIM_ConfigClockSource
                0x0800bad8      0x18e build/stm32f4xx_hal_tim.o
                0x0800bad8                HAL_TIM_ConfigClockSource
 .text.HAL_TIM_OC_DelayElapsedCallback
                0x0800bc66       0x14 build/stm32f4xx_hal_tim.o
                0x0800bc66                HAL_TIM_OC_DelayElapsedCallback
 .text.HAL_TIM_IC_CaptureCallback
                0x0800bc7a       0x14 build/stm32f4xx_hal_tim.o
                0x0800bc7a                HAL_TIM_IC_CaptureCallback
 .text.HAL_TIM_PWM_PulseFinishedCallback
                0x0800bc8e       0x14 build/stm32f4xx_hal_tim.o
                0x0800bc8e                HAL_TIM_PWM_PulseFinishedCallback
 .text.HAL_TIM_TriggerCallback
                0x0800bca2       0x14 build/stm32f4xx_hal_tim.o
                0x0800bca2                HAL_TIM_TriggerCallback
 *fill*         0x0800bcb6        0x2 
 .text.TIM_Base_SetConfig
                0x0800bcb8      0x100 build/stm32f4xx_hal_tim.o
                0x0800bcb8                TIM_Base_SetConfig
 .text.TIM_OC1_SetConfig
                0x0800bdb8       0xcc build/stm32f4xx_hal_tim.o
 .text.TIM_OC2_SetConfig
                0x0800be84       0xd8 build/stm32f4xx_hal_tim.o
                0x0800be84                TIM_OC2_SetConfig
 .text.TIM_OC3_SetConfig
                0x0800bf5c       0xd4 build/stm32f4xx_hal_tim.o
 .text.TIM_OC4_SetConfig
                0x0800c030       0xa0 build/stm32f4xx_hal_tim.o
 .text.TIM_TI1_ConfigInputStage
                0x0800c0d0       0x5e build/stm32f4xx_hal_tim.o
 .text.TIM_TI2_ConfigInputStage
                0x0800c12e       0x60 build/stm32f4xx_hal_tim.o
 .text.TIM_ITRx_SetConfig
                0x0800c18e       0x36 build/stm32f4xx_hal_tim.o
 .text.TIM_ETR_SetConfig
                0x0800c1c4       0x40 build/stm32f4xx_hal_tim.o
                0x0800c1c4                TIM_ETR_SetConfig
 .text.TIM_CCxChannelCmd
                0x0800c204       0x4a build/stm32f4xx_hal_tim.o
                0x0800c204                TIM_CCxChannelCmd
 *fill*         0x0800c24e        0x2 
 .text.HAL_TIMEx_MasterConfigSynchronization
                0x0800c250       0xdc build/stm32f4xx_hal_tim_ex.o
                0x0800c250                HAL_TIMEx_MasterConfigSynchronization
 .text.HAL_TIMEx_ConfigBreakDeadTime
                0x0800c32c       0xa4 build/stm32f4xx_hal_tim_ex.o
                0x0800c32c                HAL_TIMEx_ConfigBreakDeadTime
 .text.HAL_TIMEx_CommutCallback
                0x0800c3d0       0x14 build/stm32f4xx_hal_tim_ex.o
                0x0800c3d0                HAL_TIMEx_CommutCallback
 .text.HAL_TIMEx_BreakCallback
                0x0800c3e4       0x14 build/stm32f4xx_hal_tim_ex.o
                0x0800c3e4                HAL_TIMEx_BreakCallback
 .text.HAL_UART_Init
                0x0800c3f8       0x9a build/stm32f4xx_hal_uart.o
                0x0800c3f8                HAL_UART_Init
 *fill*         0x0800c492        0x2 
 .text.HAL_UART_Transmit_DMA
                0x0800c494       0xfc build/stm32f4xx_hal_uart.o
                0x0800c494                HAL_UART_Transmit_DMA
 .text.HAL_UARTEx_ReceiveToIdle_DMA
                0x0800c590       0xca build/stm32f4xx_hal_uart.o
                0x0800c590                HAL_UARTEx_ReceiveToIdle_DMA
 *fill*         0x0800c65a        0x2 
 .text.HAL_UART_IRQHandler
                0x0800c65c      0x51c build/stm32f4xx_hal_uart.o
                0x0800c65c                HAL_UART_IRQHandler
 .text.HAL_UART_RxCpltCallback
                0x0800cb78       0x14 build/stm32f4xx_hal_uart.o
                0x0800cb78                HAL_UART_RxCpltCallback
 .text.HAL_UART_RxHalfCpltCallback
                0x0800cb8c       0x14 build/stm32f4xx_hal_uart.o
                0x0800cb8c                HAL_UART_RxHalfCpltCallback
 .text.HAL_UART_ErrorCallback
                0x0800cba0       0x14 build/stm32f4xx_hal_uart.o
                0x0800cba0                HAL_UART_ErrorCallback
 .text.UART_DMATransmitCplt
                0x0800cbb4       0x9a build/stm32f4xx_hal_uart.o
 .text.UART_DMATxHalfCplt
                0x0800cc4e       0x1c build/stm32f4xx_hal_uart.o
 .text.UART_DMAReceiveCplt
                0x0800cc6a      0x126 build/stm32f4xx_hal_uart.o
 .text.UART_DMARxHalfCplt
                0x0800cd90       0x36 build/stm32f4xx_hal_uart.o
 .text.UART_DMAError
                0x0800cdc6       0x94 build/stm32f4xx_hal_uart.o
 *fill*         0x0800ce5a        0x2 
 .text.UART_Start_Receive_DMA
                0x0800ce5c      0x13c build/stm32f4xx_hal_uart.o
                0x0800ce5c                UART_Start_Receive_DMA
 .text.UART_EndTxTransfer
                0x0800cf98       0x50 build/stm32f4xx_hal_uart.o
 .text.UART_EndRxTransfer
                0x0800cfe8       0xc6 build/stm32f4xx_hal_uart.o
 .text.UART_DMAAbortOnError
                0x0800d0ae       0x28 build/stm32f4xx_hal_uart.o
 .text.UART_Transmit_IT
                0x0800d0d6       0xa0 build/stm32f4xx_hal_uart.o
 .text.UART_EndTransmit_IT
                0x0800d176       0x30 build/stm32f4xx_hal_uart.o
 .text.UART_Receive_IT
                0x0800d1a6      0x176 build/stm32f4xx_hal_uart.o
 .text.UART_SetConfig
                0x0800d31c      0x4e8 build/stm32f4xx_hal_uart.o
 .text.SystemInit
                0x0800d804       0x24 build/system_stm32f4xx.o
                0x0800d804                SystemInit
 .text.USBD_Init
                0x0800d828       0x60 build/usbd_core.o
                0x0800d828                USBD_Init
 .text.USBD_RegisterClass
                0x0800d888       0x6c build/usbd_core.o
                0x0800d888                USBD_RegisterClass
 .text.USBD_Start
                0x0800d8f4       0x18 build/usbd_core.o
                0x0800d8f4                USBD_Start
 .text.USBD_RunTestMode
                0x0800d90c       0x16 build/usbd_core.o
                0x0800d90c                USBD_RunTestMode
 .text.USBD_SetClassConfig
                0x0800d922       0x38 build/usbd_core.o
                0x0800d922                USBD_SetClassConfig
 .text.USBD_ClrClassConfig
                0x0800d95a       0x34 build/usbd_core.o
                0x0800d95a                USBD_ClrClassConfig
 .text.USBD_LL_SetupStage
                0x0800d98e       0xaa build/usbd_core.o
                0x0800d98e                USBD_LL_SetupStage
 .text.USBD_LL_DataOutStage
                0x0800da38      0x166 build/usbd_core.o
                0x0800da38                USBD_LL_DataOutStage
 .text.USBD_LL_DataInStage
                0x0800db9e      0x164 build/usbd_core.o
                0x0800db9e                USBD_LL_DataInStage
 .text.USBD_LL_Reset
                0x0800dd02       0xa4 build/usbd_core.o
                0x0800dd02                USBD_LL_Reset
 .text.USBD_LL_SetSpeed
                0x0800dda6       0x20 build/usbd_core.o
                0x0800dda6                USBD_LL_SetSpeed
 .text.USBD_LL_Suspend
                0x0800ddc6       0x2c build/usbd_core.o
                0x0800ddc6                USBD_LL_Suspend
 .text.USBD_LL_Resume
                0x0800ddf2       0x30 build/usbd_core.o
                0x0800ddf2                USBD_LL_Resume
 .text.USBD_LL_SOF
                0x0800de22       0x40 build/usbd_core.o
                0x0800de22                USBD_LL_SOF
 .text.USBD_LL_IsoINIncomplete
                0x0800de62       0x64 build/usbd_core.o
                0x0800de62                USBD_LL_IsoINIncomplete
 .text.USBD_LL_IsoOUTIncomplete
                0x0800dec6       0x64 build/usbd_core.o
                0x0800dec6                USBD_LL_IsoOUTIncomplete
 .text.USBD_LL_DevConnected
                0x0800df2a       0x16 build/usbd_core.o
                0x0800df2a                USBD_LL_DevConnected
 .text.USBD_LL_DevDisconnected
                0x0800df40       0x46 build/usbd_core.o
                0x0800df40                USBD_LL_DevDisconnected
 .text.USBD_CoreFindIF
                0x0800df86       0x1a build/usbd_core.o
                0x0800df86                USBD_CoreFindIF
 .text.USBD_CoreFindEP
                0x0800dfa0       0x1a build/usbd_core.o
                0x0800dfa0                USBD_CoreFindEP
 .text.USBD_GetEpDesc
                0x0800dfba       0x70 build/usbd_core.o
                0x0800dfba                USBD_GetEpDesc
 .text.USBD_GetNextDesc
                0x0800e02a       0x38 build/usbd_core.o
                0x0800e02a                USBD_GetNextDesc
 .text.SWAPBYTE
                0x0800e062       0x3e build/usbd_ctlreq.o
 .text.USBD_StdDevReq
                0x0800e0a0       0xe4 build/usbd_ctlreq.o
                0x0800e0a0                USBD_StdDevReq
 .text.USBD_StdItfReq
                0x0800e184       0xd8 build/usbd_ctlreq.o
                0x0800e184                USBD_StdItfReq
 .text.USBD_StdEPReq
                0x0800e25c      0x33a build/usbd_ctlreq.o
                0x0800e25c                USBD_StdEPReq
 *fill*         0x0800e596        0x2 
 .text.USBD_GetDescriptor
                0x0800e598      0x2d4 build/usbd_ctlreq.o
 .text.USBD_SetAddress
                0x0800e86c       0x88 build/usbd_ctlreq.o
 .text.USBD_SetConfig
                0x0800e8f4      0x154 build/usbd_ctlreq.o
 .text.USBD_GetConfig
                0x0800ea48       0x6c build/usbd_ctlreq.o
 .text.USBD_GetStatus
                0x0800eab4       0x68 build/usbd_ctlreq.o
 .text.USBD_SetFeature
                0x0800eb1c       0x52 build/usbd_ctlreq.o
 .text.USBD_ClrFeature
                0x0800eb6e       0x44 build/usbd_ctlreq.o
 .text.USBD_ParseSetupRequest
                0x0800ebb2       0x74 build/usbd_ctlreq.o
                0x0800ebb2                USBD_ParseSetupRequest
 .text.USBD_CtlError
                0x0800ec26       0x22 build/usbd_ctlreq.o
                0x0800ec26                USBD_CtlError
 .text.USBD_GetString
                0x0800ec48       0x8c build/usbd_ctlreq.o
                0x0800ec48                USBD_GetString
 .text.USBD_GetLen
                0x0800ecd4       0x34 build/usbd_ctlreq.o
 .text.USBD_CtlSendData
                0x0800ed08       0x36 build/usbd_ioreq.o
                0x0800ed08                USBD_CtlSendData
 .text.USBD_CtlContinueSendData
                0x0800ed3e       0x22 build/usbd_ioreq.o
                0x0800ed3e                USBD_CtlContinueSendData
 .text.USBD_CtlPrepareRx
                0x0800ed60       0x3a build/usbd_ioreq.o
                0x0800ed60                USBD_CtlPrepareRx
 .text.USBD_CtlContinueRx
                0x0800ed9a       0x22 build/usbd_ioreq.o
                0x0800ed9a                USBD_CtlContinueRx
 .text.USBD_CtlSendStatus
                0x0800edbc       0x26 build/usbd_ioreq.o
                0x0800edbc                USBD_CtlSendStatus
 .text.USBD_CtlReceiveStatus
                0x0800ede2       0x26 build/usbd_ioreq.o
                0x0800ede2                USBD_CtlReceiveStatus
 .text.USBD_CDC_Init
                0x0800ee08      0x1f0 build/usbd_cdc.o
 .text.USBD_CDC_DeInit
                0x0800eff8      0x104 build/usbd_cdc.o
 .text.USBD_CDC_Setup
                0x0800f0fc      0x1b8 build/usbd_cdc.o
 .text.USBD_CDC_DataIn
                0x0800f2b4       0xfe build/usbd_cdc.o
 .text.USBD_CDC_DataOut
                0x0800f3b2       0x70 build/usbd_cdc.o
 .text.USBD_CDC_EP0_RxReady
                0x0800f422       0x74 build/usbd_cdc.o
 *fill*         0x0800f496        0x2 
 .text.USBD_CDC_GetFSCfgDesc
                0x0800f498       0x70 build/usbd_cdc.o
 .text.USBD_CDC_GetHSCfgDesc
                0x0800f508       0x70 build/usbd_cdc.o
 .text.USBD_CDC_GetOtherSpeedCfgDesc
                0x0800f578       0x70 build/usbd_cdc.o
 .text.USBD_CDC_GetDeviceQualifierDescriptor
                0x0800f5e8       0x20 build/usbd_cdc.o
                0x0800f5e8                USBD_CDC_GetDeviceQualifierDescriptor
 .text.USBD_CDC_RegisterInterface
                0x0800f608       0x34 build/usbd_cdc.o
                0x0800f608                USBD_CDC_RegisterInterface
 .text.USBD_CDC_SetTxBuffer
                0x0800f63c       0x44 build/usbd_cdc.o
                0x0800f63c                USBD_CDC_SetTxBuffer
 .text.USBD_CDC_SetRxBuffer
                0x0800f680       0x3a build/usbd_cdc.o
                0x0800f680                USBD_CDC_SetRxBuffer
 *fill*         0x0800f6ba        0x2 
 .text.USBD_CDC_ReceivePacket
                0x0800f6bc       0x6c build/usbd_cdc.o
                0x0800f6bc                USBD_CDC_ReceivePacket
 .text.sendRAWAT
                0x0800f728       0xfc build/uart_at.o
                0x0800f728                sendRAWAT
 .text.ParseResponse
                0x0800f824       0x6c build/uart_at.o
                0x0800f824                ParseResponse
 .text.ParseAT  0x0800f890       0x74 build/uart_at.o
                0x0800f890                ParseAT
 .text.ATHandlingTaskCode
                0x0800f904      0x2e4 build/uart_at.o
                0x0800f904                ATHandlingTaskCode
 .text.ATParsingTaskCode
                0x0800fbe8      0x1b0 build/uart_at.o
                0x0800fbe8                ATParsingTaskCode
 .text.Ringbuf_Init
                0x0800fd98       0x54 build/uartRingBufDMA.o
                0x0800fd98                Ringbuf_Init
 .text.Ringbuf_Reset
                0x0800fdec       0x4c build/uartRingBufDMA.o
                0x0800fdec                Ringbuf_Reset
 .text.labscim_buffer_direct_input
                0x0800fe38       0xc0 build/uartRingBufDMA.o
                0x0800fe38                labscim_buffer_direct_input
 .text.labscim_buffer_peek
                0x0800fef8       0xa8 build/uartRingBufDMA.o
 .text.labscim_find_char_on_buffer
                0x0800ffa0       0xe8 build/uartRingBufDMA.o
                0x0800ffa0                labscim_find_char_on_buffer
 .text.labscim_buffer_retrieve
                0x08010088       0x48 build/uartRingBufDMA.o
                0x08010088                labscim_buffer_retrieve
 .text.labscim_buffer_used
                0x080100d0       0x18 build/uartRingBufDMA.o
                0x080100d0                labscim_buffer_used
 .text.HAL_UARTEx_RxEventCallback
                0x080100e8       0x54 build/uartRingBufDMA.o
                0x080100e8                HAL_UARTEx_RxEventCallback
 .text.SendToUART
                0x0801013c       0x60 build/uartRingBufDMA.o
                0x0801013c                SendToUART
 .text.HAL_UART_TxHalfCpltCallback
                0x0801019c       0x14 build/uartRingBufDMA.o
                0x0801019c                HAL_UART_TxHalfCpltCallback
 .text.HAL_UART_TxCpltCallback
                0x080101b0       0x20 build/uartRingBufDMA.o
                0x080101b0                HAL_UART_TxCpltCallback
 .text.UARTProcTaskCode
                0x080101d0       0x88 build/uartRingBufDMA.o
                0x080101d0                UARTProcTaskCode
 .text.LoRaWAN_JoinCallback
                0x08010258       0x7c build/radioenge_modem.o
                0x08010258                LoRaWAN_JoinCallback
 .text.DutyCycleTimerCallback
                0x080102d4       0x40 build/radioenge_modem.o
                0x080102d4                DutyCycleTimerCallback
 .text.resetRadio
                0x08010314       0x24 build/radioenge_modem.o
                0x08010314                resetRadio
 .text.SetRadioState
                0x08010338       0x2c build/radioenge_modem.o
                0x08010338                SetRadioState
 .text.ModemLedCallback
                0x08010364      0x158 build/radioenge_modem.o
                0x08010364                ModemLedCallback
 .text.ModemManagerTaskCode
                0x080104bc      0x154 build/radioenge_modem.o
                0x080104bc                ModemManagerTaskCode
 .text.LoRaWaitDutyCycle
                0x08010610       0x40 build/radioenge_modem.o
                0x08010610                LoRaWaitDutyCycle
 .text.LoRaSendNow
                0x08010650       0x80 build/radioenge_modem.o
                0x08010650                LoRaSendNow
 .text.LoRaWAN_RxEventCallback
                0x080106d0       0x1a build/application.o
                0x080106d0                LoRaWAN_RxEventCallback
 .text.PeriodicSendTimerCallback
                0x080106ea       0x14 build/application.o
                0x080106ea                PeriodicSendTimerCallback
 *fill*         0x080106fe        0x2 
 .text.AppSendTaskCode
                0x08010700       0xa4 build/application.o
                0x08010700                AppSendTaskCode
 .text.HAL_ADC_Init
                0x080107a4       0x86 build/stm32f4xx_hal_adc.o
                0x080107a4                HAL_ADC_Init
 *fill*         0x0801082a        0x2 
 .text.HAL_ADC_Start
                0x0801082c      0x168 build/stm32f4xx_hal_adc.o
                0x0801082c                HAL_ADC_Start
 .text.HAL_ADC_PollForConversion
                0x08010994      0x116 build/stm32f4xx_hal_adc.o
                0x08010994                HAL_ADC_PollForConversion
 .text.HAL_ADC_GetValue
                0x08010aaa       0x1a build/stm32f4xx_hal_adc.o
                0x08010aaa                HAL_ADC_GetValue
 .text.HAL_ADC_ConfigChannel
                0x08010ac4      0x264 build/stm32f4xx_hal_adc.o
                0x08010ac4                HAL_ADC_ConfigChannel
 .text.ADC_Init
                0x08010d28      0x1f8 build/stm32f4xx_hal_adc.o
 .text.Reset_Handler
                0x08010f20       0x50 build/startup_stm32f411xe.o
                0x08010f20                Reset_Handler
 .text.Default_Handler
                0x08010f70        0x2 build/startup_stm32f411xe.o
                0x08010f70                RTC_Alarm_IRQHandler
                0x08010f70                EXTI2_IRQHandler
                0x08010f70                SPI4_IRQHandler
                0x08010f70                TIM1_CC_IRQHandler
                0x08010f70                DMA2_Stream5_IRQHandler
                0x08010f70                DMA1_Stream5_IRQHandler
                0x08010f70                PVD_IRQHandler
                0x08010f70                SDIO_IRQHandler
                0x08010f70                TAMP_STAMP_IRQHandler
                0x08010f70                EXTI3_IRQHandler
                0x08010f70                TIM1_UP_TIM10_IRQHandler
                0x08010f70                I2C3_ER_IRQHandler
                0x08010f70                EXTI0_IRQHandler
                0x08010f70                I2C2_EV_IRQHandler
                0x08010f70                DMA1_Stream2_IRQHandler
                0x08010f70                FPU_IRQHandler
                0x08010f70                SPI1_IRQHandler
                0x08010f70                TIM1_BRK_TIM9_IRQHandler
                0x08010f70                DMA2_Stream3_IRQHandler
                0x08010f70                USART6_IRQHandler
                0x08010f70                DMA2_Stream0_IRQHandler
                0x08010f70                TIM4_IRQHandler
                0x08010f70                I2C1_EV_IRQHandler
                0x08010f70                DMA1_Stream6_IRQHandler
                0x08010f70                DMA1_Stream1_IRQHandler
                0x08010f70                TIM3_IRQHandler
                0x08010f70                RCC_IRQHandler
                0x08010f70                Default_Handler
                0x08010f70                EXTI15_10_IRQHandler
                0x08010f70                ADC_IRQHandler
                0x08010f70                DMA1_Stream7_IRQHandler
                0x08010f70                SPI5_IRQHandler
                0x08010f70                TIM5_IRQHandler
                0x08010f70                I2C3_EV_IRQHandler
                0x08010f70                EXTI9_5_IRQHandler
                0x08010f70                RTC_WKUP_IRQHandler
                0x08010f70                SPI2_IRQHandler
                0x08010f70                DMA1_Stream0_IRQHandler
                0x08010f70                EXTI4_IRQHandler
                0x08010f70                WWDG_IRQHandler
                0x08010f70                TIM2_IRQHandler
                0x08010f70                OTG_FS_WKUP_IRQHandler
                0x08010f70                EXTI1_IRQHandler
                0x08010f70                USART2_IRQHandler
                0x08010f70                I2C2_ER_IRQHandler
                0x08010f70                DMA2_Stream1_IRQHandler
                0x08010f70                FLASH_IRQHandler
                0x08010f70                DMA2_Stream4_IRQHandler
                0x08010f70                SPI3_IRQHandler
                0x08010f70                DMA1_Stream4_IRQHandler
                0x08010f70                I2C1_ER_IRQHandler
                0x08010f70                DMA2_Stream6_IRQHandler
                0x08010f70                DMA1_Stream3_IRQHandler
 .text.atoi     0x08010f72        0x8 C:/tools/arm-gnu-toolchain-13.2.rel1-mingw-w64-i686-arm-none-eabi/bin/../lib/gcc/arm-none-eabi/13.2.1/thumb/v7e-m+fp/hard\libc_nano.a(libc_a-atoi.o)
                0x08010f72                atoi
 *fill*         0x08010f7a        0x2 
 .text._strtol_l.isra.0
                0x08010f7c       0xf4 C:/tools/arm-gnu-toolchain-13.2.rel1-mingw-w64-i686-arm-none-eabi/bin/../lib/gcc/arm-none-eabi/13.2.1/thumb/v7e-m+fp/hard\libc_nano.a(libc_a-strtol.o)
 .text.strtol   0x08011070       0x14 C:/tools/arm-gnu-toolchain-13.2.rel1-mingw-w64-i686-arm-none-eabi/bin/../lib/gcc/arm-none-eabi/13.2.1/thumb/v7e-m+fp/hard\libc_nano.a(libc_a-strtol.o)
                0x08011070                strtol
 .text.std      0x08011084       0x6c C:/tools/arm-gnu-toolchain-13.2.rel1-mingw-w64-i686-arm-none-eabi/bin/../lib/gcc/arm-none-eabi/13.2.1/thumb/v7e-m+fp/hard\libc_nano.a(libc_a-findfp.o)
 .text.stdio_exit_handler
                0x080110f0       0x18 C:/tools/arm-gnu-toolchain-13.2.rel1-mingw-w64-i686-arm-none-eabi/bin/../lib/gcc/arm-none-eabi/13.2.1/thumb/v7e-m+fp/hard\libc_nano.a(libc_a-findfp.o)
 .text.cleanup_stdio
                0x08011108       0x40 C:/tools/arm-gnu-toolchain-13.2.rel1-mingw-w64-i686-arm-none-eabi/bin/../lib/gcc/arm-none-eabi/13.2.1/thumb/v7e-m+fp/hard\libc_nano.a(libc_a-findfp.o)
 .text.global_stdio_init.part.0
                0x08011148       0x3c C:/tools/arm-gnu-toolchain-13.2.rel1-mingw-w64-i686-arm-none-eabi/bin/../lib/gcc/arm-none-eabi/13.2.1/thumb/v7e-m+fp/hard\libc_nano.a(libc_a-findfp.o)
 .text.__sfp_lock_acquire
                0x08011184        0xc C:/tools/arm-gnu-toolchain-13.2.rel1-mingw-w64-i686-arm-none-eabi/bin/../lib/gcc/arm-none-eabi/13.2.1/thumb/v7e-m+fp/hard\libc_nano.a(libc_a-findfp.o)
                0x08011184                __sfp_lock_acquire
 .text.__sfp_lock_release
                0x08011190        0xc C:/tools/arm-gnu-toolchain-13.2.rel1-mingw-w64-i686-arm-none-eabi/bin/../lib/gcc/arm-none-eabi/13.2.1/thumb/v7e-m+fp/hard\libc_nano.a(libc_a-findfp.o)
                0x08011190                __sfp_lock_release
 .text.__sinit  0x0801119c       0x30 C:/tools/arm-gnu-toolchain-13.2.rel1-mingw-w64-i686-arm-none-eabi/bin/../lib/gcc/arm-none-eabi/13.2.1/thumb/v7e-m+fp/hard\libc_nano.a(libc_a-findfp.o)
                0x0801119c                __sinit
 .text._fwalk_sglue
                0x080111cc       0x3c C:/tools/arm-gnu-toolchain-13.2.rel1-mingw-w64-i686-arm-none-eabi/bin/../lib/gcc/arm-none-eabi/13.2.1/thumb/v7e-m+fp/hard\libc_nano.a(libc_a-fwalk.o)
                0x080111cc                _fwalk_sglue
 .text.snprintf
                0x08011208       0x68 C:/tools/arm-gnu-toolchain-13.2.rel1-mingw-w64-i686-arm-none-eabi/bin/../lib/gcc/arm-none-eabi/13.2.1/thumb/v7e-m+fp/hard\libc_nano.a(libc_a-snprintf.o)
                0x08011208                sniprintf
                0x08011208                snprintf
 .text.sprintf  0x08011270       0x40 C:/tools/arm-gnu-toolchain-13.2.rel1-mingw-w64-i686-arm-none-eabi/bin/../lib/gcc/arm-none-eabi/13.2.1/thumb/v7e-m+fp/hard\libc_nano.a(libc_a-sprintf.o)
                0x08011270                siprintf
                0x08011270                sprintf
 .text.__sread  0x080112b0       0x22 C:/tools/arm-gnu-toolchain-13.2.rel1-mingw-w64-i686-arm-none-eabi/bin/../lib/gcc/arm-none-eabi/13.2.1/thumb/v7e-m+fp/hard\libc_nano.a(libc_a-stdio.o)
                0x080112b0                __sread
 .text.__swrite
                0x080112d2       0x38 C:/tools/arm-gnu-toolchain-13.2.rel1-mingw-w64-i686-arm-none-eabi/bin/../lib/gcc/arm-none-eabi/13.2.1/thumb/v7e-m+fp/hard\libc_nano.a(libc_a-stdio.o)
                0x080112d2                __swrite
 .text.__sseek  0x0801130a       0x24 C:/tools/arm-gnu-toolchain-13.2.rel1-mingw-w64-i686-arm-none-eabi/bin/../lib/gcc/arm-none-eabi/13.2.1/thumb/v7e-m+fp/hard\libc_nano.a(libc_a-stdio.o)
                0x0801130a                __sseek
 .text.__sclose
                0x0801132e        0x8 C:/tools/arm-gnu-toolchain-13.2.rel1-mingw-w64-i686-arm-none-eabi/bin/../lib/gcc/arm-none-eabi/13.2.1/thumb/v7e-m+fp/hard\libc_nano.a(libc_a-stdio.o)
                0x0801132e                __sclose
 .text.memset   0x08011336       0x10 C:/tools/arm-gnu-toolchain-13.2.rel1-mingw-w64-i686-arm-none-eabi/bin/../lib/gcc/arm-none-eabi/13.2.1/thumb/v7e-m+fp/hard\libc_nano.a(libc_a-memset.o)
                0x08011336                memset
 .text.strncmp  0x08011346       0x24 C:/tools/arm-gnu-toolchain-13.2.rel1-mingw-w64-i686-arm-none-eabi/bin/../lib/gcc/arm-none-eabi/13.2.1/thumb/v7e-m+fp/hard\libc_nano.a(libc_a-strncmp.o)
                0x08011346                strncmp
 *fill*         0x0801136a        0x2 
 .text.strtok   0x0801136c       0x68 C:/tools/arm-gnu-toolchain-13.2.rel1-mingw-w64-i686-arm-none-eabi/bin/../lib/gcc/arm-none-eabi/13.2.1/thumb/v7e-m+fp/hard\libc_nano.a(libc_a-strtok.o)
                0x0801136c                strtok
 .text.__strtok_r
                0x080113d4       0x50 C:/tools/arm-gnu-toolchain-13.2.rel1-mingw-w64-i686-arm-none-eabi/bin/../lib/gcc/arm-none-eabi/13.2.1/thumb/v7e-m+fp/hard\libc_nano.a(libc_a-strtok_r.o)
                0x080113d4                __strtok_r
 .text._close_r
                0x08011424       0x20 C:/tools/arm-gnu-toolchain-13.2.rel1-mingw-w64-i686-arm-none-eabi/bin/../lib/gcc/arm-none-eabi/13.2.1/thumb/v7e-m+fp/hard\libc_nano.a(libc_a-closer.o)
                0x08011424                _close_r
 .text._lseek_r
                0x08011444       0x24 C:/tools/arm-gnu-toolchain-13.2.rel1-mingw-w64-i686-arm-none-eabi/bin/../lib/gcc/arm-none-eabi/13.2.1/thumb/v7e-m+fp/hard\libc_nano.a(libc_a-lseekr.o)
                0x08011444                _lseek_r
 .text._read_r  0x08011468       0x24 C:/tools/arm-gnu-toolchain-13.2.rel1-mingw-w64-i686-arm-none-eabi/bin/../lib/gcc/arm-none-eabi/13.2.1/thumb/v7e-m+fp/hard\libc_nano.a(libc_a-readr.o)
                0x08011468                _read_r
 .text._write_r
                0x0801148c       0x24 C:/tools/arm-gnu-toolchain-13.2.rel1-mingw-w64-i686-arm-none-eabi/bin/../lib/gcc/arm-none-eabi/13.2.1/thumb/v7e-m+fp/hard\libc_nano.a(libc_a-writer.o)
                0x0801148c                _write_r
 .text.__errno  0x080114b0        0xc C:/tools/arm-gnu-toolchain-13.2.rel1-mingw-w64-i686-arm-none-eabi/bin/../lib/gcc/arm-none-eabi/13.2.1/thumb/v7e-m+fp/hard\libc_nano.a(libc_a-errno.o)
                0x080114b0                __errno
 .text.__libc_init_array
                0x080114bc       0x48 C:/tools/arm-gnu-toolchain-13.2.rel1-mingw-w64-i686-arm-none-eabi/bin/../lib/gcc/arm-none-eabi/13.2.1/thumb/v7e-m+fp/hard\libc_nano.a(libc_a-init.o)
                0x080114bc                __libc_init_array
 .text.__retarget_lock_init_recursive
                0x08011504        0x2 C:/tools/arm-gnu-toolchain-13.2.rel1-mingw-w64-i686-arm-none-eabi/bin/../lib/gcc/arm-none-eabi/13.2.1/thumb/v7e-m+fp/hard\libc_nano.a(libc_a-lock.o)
                0x08011504                __retarget_lock_init_recursive
 .text.__retarget_lock_acquire_recursive
                0x08011506        0x2 C:/tools/arm-gnu-toolchain-13.2.rel1-mingw-w64-i686-arm-none-eabi/bin/../lib/gcc/arm-none-eabi/13.2.1/thumb/v7e-m+fp/hard\libc_nano.a(libc_a-lock.o)
                0x08011506                __retarget_lock_acquire_recursive
 .text.__retarget_lock_release_recursive
                0x08011508        0x2 C:/tools/arm-gnu-toolchain-13.2.rel1-mingw-w64-i686-arm-none-eabi/bin/../lib/gcc/arm-none-eabi/13.2.1/thumb/v7e-m+fp/hard\libc_nano.a(libc_a-lock.o)
                0x08011508                __retarget_lock_release_recursive
 .text.memcpy   0x0801150a       0x1c C:/tools/arm-gnu-toolchain-13.2.rel1-mingw-w64-i686-arm-none-eabi/bin/../lib/gcc/arm-none-eabi/13.2.1/thumb/v7e-m+fp/hard\libc_nano.a(libc_a-memcpy-stub.o)
                0x0801150a                memcpy
 *fill*         0x08011526        0x2 
 .text.__assert_func
                0x08011528       0x3c C:/tools/arm-gnu-toolchain-13.2.rel1-mingw-w64-i686-arm-none-eabi/bin/../lib/gcc/arm-none-eabi/13.2.1/thumb/v7e-m+fp/hard\libc_nano.a(libc_a-assert.o)
                0x08011528                __assert_func
 .text._free_r  0x08011564       0x94 C:/tools/arm-gnu-toolchain-13.2.rel1-mingw-w64-i686-arm-none-eabi/bin/../lib/gcc/arm-none-eabi/13.2.1/thumb/v7e-m+fp/hard\libc_nano.a(libc_a-freer.o)
                0x08011564                _free_r
 .text.malloc   0x080115f8       0x10 C:/tools/arm-gnu-toolchain-13.2.rel1-mingw-w64-i686-arm-none-eabi/bin/../lib/gcc/arm-none-eabi/13.2.1/thumb/v7e-m+fp/hard\libc_nano.a(libc_a-malloc.o)
                0x080115f8                malloc
 .text.sbrk_aligned
                0x08011608       0x44 C:/tools/arm-gnu-toolchain-13.2.rel1-mingw-w64-i686-arm-none-eabi/bin/../lib/gcc/arm-none-eabi/13.2.1/thumb/v7e-m+fp/hard\libc_nano.a(libc_a-mallocr.o)
 .text._malloc_r
                0x0801164c      0x100 C:/tools/arm-gnu-toolchain-13.2.rel1-mingw-w64-i686-arm-none-eabi/bin/../lib/gcc/arm-none-eabi/13.2.1/thumb/v7e-m+fp/hard\libc_nano.a(libc_a-mallocr.o)
                0x0801164c                _malloc_r
 .text.__malloc_lock
                0x0801174c        0xc C:/tools/arm-gnu-toolchain-13.2.rel1-mingw-w64-i686-arm-none-eabi/bin/../lib/gcc/arm-none-eabi/13.2.1/thumb/v7e-m+fp/hard\libc_nano.a(libc_a-mlock.o)
                0x0801174c                __malloc_lock
 .text.__malloc_unlock
                0x08011758        0xc C:/tools/arm-gnu-toolchain-13.2.rel1-mingw-w64-i686-arm-none-eabi/bin/../lib/gcc/arm-none-eabi/13.2.1/thumb/v7e-m+fp/hard\libc_nano.a(libc_a-mlock.o)
                0x08011758                __malloc_unlock
 .text.__ssputs_r
                0x08011764       0xb6 C:/tools/arm-gnu-toolchain-13.2.rel1-mingw-w64-i686-arm-none-eabi/bin/../lib/gcc/arm-none-eabi/13.2.1/thumb/v7e-m+fp/hard\libc_nano.a(libc_a-nano-svfprintf.o)
                0x08011764                __ssputs_r
 *fill*         0x0801181a        0x2 
 .text._svfprintf_r
                0x0801181c      0x1f8 C:/tools/arm-gnu-toolchain-13.2.rel1-mingw-w64-i686-arm-none-eabi/bin/../lib/gcc/arm-none-eabi/13.2.1/thumb/v7e-m+fp/hard\libc_nano.a(libc_a-nano-svfprintf.o)
                0x0801181c                _svfiprintf_r
                0x0801181c                _svfprintf_r
 .text._printf_common
                0x08011a14       0xda C:/tools/arm-gnu-toolchain-13.2.rel1-mingw-w64-i686-arm-none-eabi/bin/../lib/gcc/arm-none-eabi/13.2.1/thumb/v7e-m+fp/hard\libc_nano.a(libc_a-nano-vfprintf_i.o)
                0x08011a14                _printf_common
 *fill*         0x08011aee        0x2 
 .text._printf_i
                0x08011af0      0x23c C:/tools/arm-gnu-toolchain-13.2.rel1-mingw-w64-i686-arm-none-eabi/bin/../lib/gcc/arm-none-eabi/13.2.1/thumb/v7e-m+fp/hard\libc_nano.a(libc_a-nano-vfprintf_i.o)
                0x08011af0                _printf_i
 .text.__sflush_r
                0x08011d2c      0x108 C:/tools/arm-gnu-toolchain-13.2.rel1-mingw-w64-i686-arm-none-eabi/bin/../lib/gcc/arm-none-eabi/13.2.1/thumb/v7e-m+fp/hard\libc_nano.a(libc_a-fflush.o)
                0x08011d2c                __sflush_r
 .text._fflush_r
                0x08011e34       0x50 C:/tools/arm-gnu-toolchain-13.2.rel1-mingw-w64-i686-arm-none-eabi/bin/../lib/gcc/arm-none-eabi/13.2.1/thumb/v7e-m+fp/hard\libc_nano.a(libc_a-fflush.o)
                0x08011e34                _fflush_r
 .text.fprintf  0x08011e84       0x24 C:/tools/arm-gnu-toolchain-13.2.rel1-mingw-w64-i686-arm-none-eabi/bin/../lib/gcc/arm-none-eabi/13.2.1/thumb/v7e-m+fp/hard\libc_nano.a(libc_a-fprintf.o)
                0x08011e84                fiprintf
                0x08011e84                fprintf
 .text.memmove  0x08011ea8       0x34 C:/tools/arm-gnu-toolchain-13.2.rel1-mingw-w64-i686-arm-none-eabi/bin/../lib/gcc/arm-none-eabi/13.2.1/thumb/v7e-m+fp/hard\libc_nano.a(libc_a-memmove.o)
                0x08011ea8                memmove
 .text._sbrk_r  0x08011edc       0x20 C:/tools/arm-gnu-toolchain-13.2.rel1-mingw-w64-i686-arm-none-eabi/bin/../lib/gcc/arm-none-eabi/13.2.1/thumb/v7e-m+fp/hard\libc_nano.a(libc_a-sbrkr.o)
                0x08011edc                _sbrk_r
 .text.abort    0x08011efc        0xe C:/tools/arm-gnu-toolchain-13.2.rel1-mingw-w64-i686-arm-none-eabi/bin/../lib/gcc/arm-none-eabi/13.2.1/thumb/v7e-m+fp/hard\libc_nano.a(libc_a-abort.o)
                0x08011efc                abort
 .text._realloc_r
                0x08011f0a       0x5c C:/tools/arm-gnu-toolchain-13.2.rel1-mingw-w64-i686-arm-none-eabi/bin/../lib/gcc/arm-none-eabi/13.2.1/thumb/v7e-m+fp/hard\libc_nano.a(libc_a-reallocr.o)
                0x08011f0a                _realloc_r
 .text.__sfputc_r
                0x08011f66       0x2e C:/tools/arm-gnu-toolchain-13.2.rel1-mingw-w64-i686-arm-none-eabi/bin/../lib/gcc/arm-none-eabi/13.2.1/thumb/v7e-m+fp/hard\libc_nano.a(libc_a-nano-vfprintf.o)
 .text.__sfputs_r
                0x08011f94       0x24 C:/tools/arm-gnu-toolchain-13.2.rel1-mingw-w64-i686-arm-none-eabi/bin/../lib/gcc/arm-none-eabi/13.2.1/thumb/v7e-m+fp/hard\libc_nano.a(libc_a-nano-vfprintf.o)
                0x08011f94                __sfputs_r
 .text._vfprintf_r
                0x08011fb8      0x230 C:/tools/arm-gnu-toolchain-13.2.rel1-mingw-w64-i686-arm-none-eabi/bin/../lib/gcc/arm-none-eabi/13.2.1/thumb/v7e-m+fp/hard\libc_nano.a(libc_a-nano-vfprintf.o)
                0x08011fb8                _vfprintf_r
                0x08011fb8                _vfiprintf_r
 .text.__swbuf_r
                0x080121e8       0x7c C:/tools/arm-gnu-toolchain-13.2.rel1-mingw-w64-i686-arm-none-eabi/bin/../lib/gcc/arm-none-eabi/13.2.1/thumb/v7e-m+fp/hard\libc_nano.a(libc_a-wbuf.o)
                0x080121e8                __swbuf_r
 .text.__swsetup_r
                0x08012264       0xac C:/tools/arm-gnu-toolchain-13.2.rel1-mingw-w64-i686-arm-none-eabi/bin/../lib/gcc/arm-none-eabi/13.2.1/thumb/v7e-m+fp/hard\libc_nano.a(libc_a-wsetup.o)
                0x08012264                __swsetup_r
 .text._raise_r
                0x08012310       0x50 C:/tools/arm-gnu-toolchain-13.2.rel1-mingw-w64-i686-arm-none-eabi/bin/../lib/gcc/arm-none-eabi/13.2.1/thumb/v7e-m+fp/hard\libc_nano.a(libc_a-signal.o)
                0x08012310                _raise_r
 .text.raise    0x08012360       0x10 C:/tools/arm-gnu-toolchain-13.2.rel1-mingw-w64-i686-arm-none-eabi/bin/../lib/gcc/arm-none-eabi/13.2.1/thumb/v7e-m+fp/hard\libc_nano.a(libc_a-signal.o)
                0x08012360                raise
 .text._kill_r  0x08012370       0x24 C:/tools/arm-gnu-toolchain-13.2.rel1-mingw-w64-i686-arm-none-eabi/bin/../lib/gcc/arm-none-eabi/13.2.1/thumb/v7e-m+fp/hard\libc_nano.a(libc_a-signalr.o)
                0x08012370                _kill_r
 .text._getpid_r
                0x08012394        0x4 C:/tools/arm-gnu-toolchain-13.2.rel1-mingw-w64-i686-arm-none-eabi/bin/../lib/gcc/arm-none-eabi/13.2.1/thumb/v7e-m+fp/hard\libc_nano.a(libc_a-signalr.o)
                0x08012394                _getpid_r
 .text._malloc_usable_size_r
                0x08012398       0x10 C:/tools/arm-gnu-toolchain-13.2.rel1-mingw-w64-i686-arm-none-eabi/bin/../lib/gcc/arm-none-eabi/13.2.1/thumb/v7e-m+fp/hard\libc_nano.a(libc_a-msizer.o)
                0x08012398                _malloc_usable_size_r
 .text.__swhatbuf_r
                0x080123a8       0x4c C:/tools/arm-gnu-toolchain-13.2.rel1-mingw-w64-i686-arm-none-eabi/bin/../lib/gcc/arm-none-eabi/13.2.1/thumb/v7e-m+fp/hard\libc_nano.a(libc_a-makebuf.o)
                0x080123a8                __swhatbuf_r
 .text.__smakebuf_r
                0x080123f4       0x78 C:/tools/arm-gnu-toolchain-13.2.rel1-mingw-w64-i686-arm-none-eabi/bin/../lib/gcc/arm-none-eabi/13.2.1/thumb/v7e-m+fp/hard\libc_nano.a(libc_a-makebuf.o)
                0x080123f4                __smakebuf_r
 .text._fstat_r
                0x0801246c       0x24 C:/tools/arm-gnu-toolchain-13.2.rel1-mingw-w64-i686-arm-none-eabi/bin/../lib/gcc/arm-none-eabi/13.2.1/thumb/v7e-m+fp/hard\libc_nano.a(libc_a-fstatr.o)
                0x0801246c                _fstat_r
 .text._isatty_r
                0x08012490       0x20 C:/tools/arm-gnu-toolchain-13.2.rel1-mingw-w64-i686-arm-none-eabi/bin/../lib/gcc/arm-none-eabi/13.2.1/thumb/v7e-m+fp/hard\libc_nano.a(libc_a-isattyr.o)
                0x08012490                _isatty_r
 .text._close   0x080124b0       0x10 C:/tools/arm-gnu-toolchain-13.2.rel1-mingw-w64-i686-arm-none-eabi/bin/../lib/gcc/arm-none-eabi/13.2.1/thumb/v7e-m+fp/hard\libnosys.a(close.o)
                0x080124b0                _close
 .text._fstat   0x080124c0       0x10 C:/tools/arm-gnu-toolchain-13.2.rel1-mingw-w64-i686-arm-none-eabi/bin/../lib/gcc/arm-none-eabi/13.2.1/thumb/v7e-m+fp/hard\libnosys.a(fstat.o)
                0x080124c0                _fstat
 .text._getpid  0x080124d0       0x10 C:/tools/arm-gnu-toolchain-13.2.rel1-mingw-w64-i686-arm-none-eabi/bin/../lib/gcc/arm-none-eabi/13.2.1/thumb/v7e-m+fp/hard\libnosys.a(getpid.o)
                0x080124d0                _getpid
 .text._isatty  0x080124e0       0x10 C:/tools/arm-gnu-toolchain-13.2.rel1-mingw-w64-i686-arm-none-eabi/bin/../lib/gcc/arm-none-eabi/13.2.1/thumb/v7e-m+fp/hard\libnosys.a(isatty.o)
                0x080124e0                _isatty
 .text._kill    0x080124f0       0x10 C:/tools/arm-gnu-toolchain-13.2.rel1-mingw-w64-i686-arm-none-eabi/bin/../lib/gcc/arm-none-eabi/13.2.1/thumb/v7e-m+fp/hard\libnosys.a(kill.o)
                0x080124f0                _kill
 .text._lseek   0x08012500       0x10 C:/tools/arm-gnu-toolchain-13.2.rel1-mingw-w64-i686-arm-none-eabi/bin/../lib/gcc/arm-none-eabi/13.2.1/thumb/v7e-m+fp/hard\libnosys.a(lseek.o)
                0x08012500                _lseek
 .text._read    0x08012510       0x10 C:/tools/arm-gnu-toolchain-13.2.rel1-mingw-w64-i686-arm-none-eabi/bin/../lib/gcc/arm-none-eabi/13.2.1/thumb/v7e-m+fp/hard\libnosys.a(read.o)
                0x08012510                _read
 .text._sbrk    0x08012520       0x1c C:/tools/arm-gnu-toolchain-13.2.rel1-mingw-w64-i686-arm-none-eabi/bin/../lib/gcc/arm-none-eabi/13.2.1/thumb/v7e-m+fp/hard\libnosys.a(sbrk.o)
                0x08012520                _sbrk
 .text._write   0x0801253c       0x10 C:/tools/arm-gnu-toolchain-13.2.rel1-mingw-w64-i686-arm-none-eabi/bin/../lib/gcc/arm-none-eabi/13.2.1/thumb/v7e-m+fp/hard\libnosys.a(write.o)
                0x0801253c                _write
 .text._exit    0x0801254c        0x4 C:/tools/arm-gnu-toolchain-13.2.rel1-mingw-w64-i686-arm-none-eabi/bin/../lib/gcc/arm-none-eabi/13.2.1/thumb/v7e-m+fp/hard\libnosys.a(_exit.o)
                0x0801254c                _exit
 .text.__udivmoddi4
                0x08012550      0x2bc C:/tools/arm-gnu-toolchain-13.2.rel1-mingw-w64-i686-arm-none-eabi/bin/../lib/gcc/arm-none-eabi/13.2.1/thumb/v7e-m+fp/hard\libgcc.a(_udivmoddi4.o)
                0x08012550                __udivmoddi4
 *(.glue_7)
 .glue_7        0x0801280c        0x0 linker stubs
 *(.glue_7t)
 .glue_7t       0x0801280c        0x0 linker stubs
 *(.eh_frame)
 .eh_frame      0x0801280c        0x0 C:/tools/arm-gnu-toolchain-13.2.rel1-mingw-w64-i686-arm-none-eabi/bin/../lib/gcc/arm-none-eabi/13.2.1/thumb/v7e-m+fp/hard/crtbegin.o
 *(.init)
 .init          0x0801280c        0x4 C:/tools/arm-gnu-toolchain-13.2.rel1-mingw-w64-i686-arm-none-eabi/bin/../lib/gcc/arm-none-eabi/13.2.1/thumb/v7e-m+fp/hard/crti.o
                0x0801280c                _init
 .init          0x08012810        0x8 C:/tools/arm-gnu-toolchain-13.2.rel1-mingw-w64-i686-arm-none-eabi/bin/../lib/gcc/arm-none-eabi/13.2.1/thumb/v7e-m+fp/hard/crtn.o
 *(.fini)
 .fini          0x08012818        0x4 C:/tools/arm-gnu-toolchain-13.2.rel1-mingw-w64-i686-arm-none-eabi/bin/../lib/gcc/arm-none-eabi/13.2.1/thumb/v7e-m+fp/hard/crti.o
                0x08012818                _fini
 .fini          0x0801281c        0x8 C:/tools/arm-gnu-toolchain-13.2.rel1-mingw-w64-i686-arm-none-eabi/bin/../lib/gcc/arm-none-eabi/13.2.1/thumb/v7e-m+fp/hard/crtn.o
                0x08012824                        . = ALIGN (0x4)
                0x08012824                        _etext = .

.vfp11_veneer   0x08012824        0x0
 .vfp11_veneer  0x08012824        0x0 linker stubs

.v4_bx          0x08012824        0x0
 .v4_bx         0x08012824        0x0 linker stubs

.iplt           0x08012824        0x0
 .iplt          0x08012824        0x0 C:/tools/arm-gnu-toolchain-13.2.rel1-mingw-w64-i686-arm-none-eabi/bin/../lib/gcc/arm-none-eabi/13.2.1/thumb/v7e-m+fp/hard/crtbegin.o

.rodata         0x08012824      0x764
                0x08012824                        . = ALIGN (0x4)
 *(.rodata)
 .rodata        0x08012824      0x11d build/main.o
 *fill*         0x08012941        0x3 
 .rodata        0x08012944        0x5 build/tasks.o
 *fill*         0x08012949        0x3 
 .rodata        0x0801294c        0xd build/timers.o
 *fill*         0x08012959        0x3 
 .rodata        0x0801295c       0x46 build/usbd_desc.o
 *fill*         0x080129a2        0x2 
 .rodata        0x080129a4        0x2 build/uart_at.o
 *fill*         0x080129a6        0x2 
 .rodata        0x080129a8       0x31 build/radioenge_modem.o
 *fill*         0x080129d9        0x3 
 .rodata        0x080129dc       0x15 build/application.o
 *(.rodata*)
 *fill*         0x080129f1        0x3 
 .rodata.defaultTask_attributes
                0x080129f4       0x24 build/main.o
                0x080129f4                defaultTask_attributes
 .rodata.ATParsingTask_attributes
                0x08012a18       0x24 build/main.o
                0x08012a18                ATParsingTask_attributes
 .rodata.ATHandlingTask_attributes
                0x08012a3c       0x24 build/main.o
                0x08012a3c                ATHandlingTask_attributes
 .rodata.UARTProcTask_attributes
                0x08012a60       0x24 build/main.o
                0x08012a60                UARTProcTask_attributes
 .rodata.ModemMngrTask_attributes
                0x08012a84       0x24 build/main.o
                0x08012a84                ModemMngrTask_attributes
 .rodata.AppSendTask_attributes
                0x08012aa8       0x24 build/main.o
                0x08012aa8                AppSendTask_attributes
 .rodata.uartQueue_attributes
                0x08012acc       0x18 build/main.o
                0x08012acc                uartQueue_attributes
 .rodata.ATQueue_attributes
                0x08012ae4       0x18 build/main.o
                0x08012ae4                ATQueue_attributes
 .rodata.ModemSendQueue_attributes
                0x08012afc       0x18 build/main.o
                0x08012afc                ModemSendQueue_attributes
 .rodata.PeriodicSendTimer_attributes
                0x08012b14       0x10 build/main.o
                0x08012b14                PeriodicSendTimer_attributes
 .rodata.ModemLedTimer_attributes
                0x08012b24       0x10 build/main.o
                0x08012b24                ModemLedTimer_attributes
 .rodata.DutyCycleTimer_attributes
                0x08012b34       0x10 build/main.o
                0x08012b34                DutyCycleTimer_attributes
 .rodata.ATCommandSemaphore_attributes
                0x08012b44       0x10 build/main.o
                0x08012b44                ATCommandSemaphore_attributes
 .rodata.ATResponseSemaphore_attributes
                0x08012b54       0x10 build/main.o
                0x08012b54                ATResponseSemaphore_attributes
 .rodata.UARTTXSemaphore_attributes
                0x08012b64       0x10 build/main.o
                0x08012b64                UARTTXSemaphore_attributes
 .rodata.RadioStateSemaphore_attributes
                0x08012b74       0x10 build/main.o
                0x08012b74                RadioStateSemaphore_attributes
 .rodata.LoRaTXSemaphore_attributes
                0x08012b84       0x10 build/main.o
                0x08012b84                LoRaTXSemaphore_attributes
 .rodata.ModemStatusFlags_attributes
                0x08012b94       0x10 build/main.o
                0x08012b94                ModemStatusFlags_attributes
 .rodata.uxTopUsedPriority
                0x08012ba4        0x4 build/main.o
                0x08012ba4                uxTopUsedPriority
 .rodata.flagBitshiftOffset.0
                0x08012ba8        0x8 build/stm32f4xx_hal_dma.o
 .rodata.AHBPrescTable
                0x08012bb0       0x10 build/system_stm32f4xx.o
                0x08012bb0                AHBPrescTable
 .rodata.APBPrescTable
                0x08012bc0        0x8 build/system_stm32f4xx.o
                0x08012bc0                APBPrescTable
 .rodata.AT_COMMANDS
                0x08012bc8      0x120 build/uart_at.o
                0x08012bc8                AT_COMMANDS
 .rodata.AT_RESPONSES
                0x08012ce8       0xbb build/uart_at.o
                0x08012ce8                AT_RESPONSES
 .rodata._ctype_
                0x08012da3      0x101 C:/tools/arm-gnu-toolchain-13.2.rel1-mingw-w64-i686-arm-none-eabi/bin/../lib/gcc/arm-none-eabi/13.2.1/thumb/v7e-m+fp/hard\libc_nano.a(libc_a-ctype_.o)
                0x08012da3                _ctype_
 .rodata.strtok.str1.1
                0x08012ea4       0xe1 C:/tools/arm-gnu-toolchain-13.2.rel1-mingw-w64-i686-arm-none-eabi/bin/../lib/gcc/arm-none-eabi/13.2.1/thumb/v7e-m+fp/hard\libc_nano.a(libc_a-strtok.o)
                                 0x72 (size before relaxing)
 .rodata.__assert_func.str1.1
                0x08012f85       0x3d C:/tools/arm-gnu-toolchain-13.2.rel1-mingw-w64-i686-arm-none-eabi/bin/../lib/gcc/arm-none-eabi/13.2.1/thumb/v7e-m+fp/hard\libc_nano.a(libc_a-assert.o)
 .rodata._svfprintf_r.str1.1
                0x08012f85       0x11 C:/tools/arm-gnu-toolchain-13.2.rel1-mingw-w64-i686-arm-none-eabi/bin/../lib/gcc/arm-none-eabi/13.2.1/thumb/v7e-m+fp/hard\libc_nano.a(libc_a-nano-svfprintf.o)
 .rodata._printf_i.str1.1
                0x08012f85       0x22 C:/tools/arm-gnu-toolchain-13.2.rel1-mingw-w64-i686-arm-none-eabi/bin/../lib/gcc/arm-none-eabi/13.2.1/thumb/v7e-m+fp/hard\libc_nano.a(libc_a-nano-vfprintf_i.o)
 .rodata._vfprintf_r.str1.1
                0x08012f85       0x11 C:/tools/arm-gnu-toolchain-13.2.rel1-mingw-w64-i686-arm-none-eabi/bin/../lib/gcc/arm-none-eabi/13.2.1/thumb/v7e-m+fp/hard\libc_nano.a(libc_a-nano-vfprintf.o)
                0x08012fc4                        . = ALIGN (0x4)
 *fill*         0x08012f85        0x3 

.ARM.extab
 *(.ARM.extab* .gnu.linkonce.armextab.*)

.ARM            0x08012f88        0x8
                0x08012f88                        __exidx_start = .
 *(.ARM.exidx*)
 .ARM.exidx     0x08012f88        0x8 C:/tools/arm-gnu-toolchain-13.2.rel1-mingw-w64-i686-arm-none-eabi/bin/../lib/gcc/arm-none-eabi/13.2.1/thumb/v7e-m+fp/hard\libc_nano.a(libc_a-strlen.o)